Component: ARM Compiler 5.06 update 7 (build 960) Tool: armlink [4d3601]

==============================================================================

Section Cross References

    delay.o(i.Delay) refers to delay.o(.data) for msTicks
    delay.o(i.Init_Systick) refers to aeabi_sdiv.o(.text) for __aeabi_uidivmod
    delay.o(i.Init_Systick) refers to delay.o(i.__NVIC_SetPriority) for __NVIC_SetPriority
    delay.o(i.Init_Systick) refers to system_mkl46z4.o(.data) for SystemCoreClock
    delay.o(i.PORTC_PORTD_IRQHandler) refers to delay.o(.data) for state
    delay.o(i.SysTick_Handler) refers to delay.o(.data) for msTicks
    mag.o(i.mag_Init) refers to i2c.o(i.I2C_write) for I2C_write
    mag.o(i.mag_Init) refers to delay.o(i.Delay) for Delay
    mag.o(i.mag_read) refers to i2c.o(i.I2C_read) for I2C_read
    mag.o(i.mag_read) refers to delay.o(i.Delay) for Delay
    mag.o(i.mag_read) refers to rt_memcpy.o(.text) for __aeabi_memcpy
    main.o(i.main) refers to delay.o(i.Init_Systick) for Init_Systick
    main.o(i.main) refers to i2c.o(i.I2C_init) for I2C_init
    main.o(i.main) refers to lcd.o(i.SegLCD_Init) for SegLCD_Init
    main.o(i.main) refers to mag.o(i.mag_Init) for mag_Init
    main.o(i.main) refers to delay.o(i.init_LED) for init_LED
    main.o(i.main) refers to delay.o(i.init_SW) for init_SW
    main.o(i.main) refers to delay.o(i.init_ITR_SW) for init_ITR_SW
    main.o(i.main) refers to delay.o(i.Delay) for Delay
    main.o(i.main) refers to mag.o(i.mag_read) for mag_read
    main.o(i.main) refers to fflti.o(.text) for __aeabi_i2f
    main.o(i.main) refers to f2d.o(.text) for __aeabi_f2d
    main.o(i.main) refers to d2f.o(.text) for __aeabi_d2f
    main.o(i.main) refers to dflti.o(.text) for __aeabi_i2d
    main.o(i.main) refers to daddsub.o(.text) for __aeabi_dsub
    main.o(i.main) refers to atan2.o(i.atan2) for atan2
    main.o(i.main) refers to dmul.o(.text) for __aeabi_dmul
    main.o(i.main) refers to round.o(i.round) for round
    main.o(i.main) refers to dfixi.o(.text) for __aeabi_d2iz
    main.o(i.main) refers to lcd.o(i.SegLCD_DisplayDecimal) for SegLCD_DisplayDecimal
    lcd.o(i.SegLCD_DisplayDecimal) refers to lcd.o(i.SegLCD_DisplayError) for SegLCD_DisplayError
    lcd.o(i.SegLCD_DisplayDecimal) refers to aeabi_sdiv.o(.text) for __aeabi_idivmod
    lcd.o(i.SegLCD_DisplayDecimal) refers to lcd.o(i.SegLCD_Set) for SegLCD_Set
    lcd.o(i.SegLCD_DisplayError) refers to lcd.o(i.SegLCD_Set) for SegLCD_Set
    lcd.o(i.SegLCD_Set) refers to lcd.o(i.SegLCD_DisplayError) for SegLCD_DisplayError
    lcd.o(i.SegLCD_Set) refers to lcd.o(.constdata) for LCD_Frp_Pin
    startup_mkl46z4.o(RESET) refers to startup_mkl46z4.o(.text) for Reset_Handler
    startup_mkl46z4.o(RESET) refers to delay.o(i.SysTick_Handler) for SysTick_Handler
    startup_mkl46z4.o(RESET) refers to delay.o(i.PORTC_PORTD_IRQHandler) for PORTC_PORTD_IRQHandler
    startup_mkl46z4.o(.text) refers to startup_mkl46z4.o(FlashConfig) for FlashConfig
    startup_mkl46z4.o(.text) refers to startup_mkl46z4.o(RESET) for __Vectors
    startup_mkl46z4.o(.text) refers to system_mkl46z4.o(i.SystemInit) for SystemInit
    startup_mkl46z4.o(.text) refers to __main.o(!!!main) for __main
    system_mkl46z4.o(i.SystemCoreClockUpdate) refers to aeabi_sdiv.o(.text) for __aeabi_uidivmod
    system_mkl46z4.o(i.SystemCoreClockUpdate) refers to system_mkl46z4.o(i.__ARM_common_switch8) for __ARM_common_switch8
    system_mkl46z4.o(i.SystemCoreClockUpdate) refers to system_mkl46z4.o(.data) for SystemCoreClock
    system_mkl46z4.o(i.SystemInit) refers to system_mkl46z4.o(i.SystemInitHook) for SystemInitHook
    rt_memcpy.o(.text) refers to rt_memcpy.o(.emb_text) for __aeabi_memcpy4
    __main.o(!!!main) refers to __rtentry.o(.ARM.Collect$$rtentry$$00000000) for __rt_entry
    d2f.o(.text) refers (Special) to usenofp.o(x$fpl$usenofp) for __I$use$fp
    daddsub.o(.text) refers (Special) to usenofp.o(x$fpl$usenofp) for __I$use$fp
    dfixi.o(.text) refers (Special) to usenofp.o(x$fpl$usenofp) for __I$use$fp
    dflti.o(.text) refers (Special) to usenofp.o(x$fpl$usenofp) for __I$use$fp
    dmul.o(.text) refers (Special) to usenofp.o(x$fpl$usenofp) for __I$use$fp
    f2d.o(.text) refers (Special) to usenofp.o(x$fpl$usenofp) for __I$use$fp
    fflti.o(.text) refers (Special) to usenofp.o(x$fpl$usenofp) for __I$use$fp
    atan2.o(i.__softfp_atan2) refers (Special) to usenofp.o(x$fpl$usenofp) for __I$use$fp
    atan2.o(i.__softfp_atan2) refers to atan2.o(i.atan2) for atan2
    atan2.o(i.atan2) refers (Special) to usenofp.o(x$fpl$usenofp) for __I$use$fp
    atan2.o(i.atan2) refers to dunder.o(i.__mathlib_dbl_infnan2) for __mathlib_dbl_infnan2
    atan2.o(i.atan2) refers to atan.o(i.atan) for atan
    atan2.o(i.atan2) refers to ddiv.o(.text) for __aeabi_ddiv
    atan2.o(i.atan2) refers to daddsub.o(.text) for __aeabi_dsub
    atan2.o(i.atan2) refers to deqf.o(x$fpl$deqf) for __aeabi_cdcmpeq
    atan2.o(i.atan2) refers to _rserrno.o(.text) for __set_errno
    atan2.o(i.atan2) refers to qnan.o(.constdata) for __mathlib_zero
    atan2_x.o(i.____softfp_atan2$lsc) refers (Special) to usenofp.o(x$fpl$usenofp) for __I$use$fp
    atan2_x.o(i.____softfp_atan2$lsc) refers to atan2_x.o(i.__atan2$lsc) for __atan2$lsc
    atan2_x.o(i.__atan2$lsc) refers (Special) to usenofp.o(x$fpl$usenofp) for __I$use$fp
    atan2_x.o(i.__atan2$lsc) refers to dunder.o(i.__mathlib_dbl_infnan2) for __mathlib_dbl_infnan2
    atan2_x.o(i.__atan2$lsc) refers to atan.o(i.atan) for atan
    atan2_x.o(i.__atan2$lsc) refers to _rserrno.o(.text) for __set_errno
    atan2_x.o(i.__atan2$lsc) refers to ddiv.o(.text) for __aeabi_ddiv
    atan2_x.o(i.__atan2$lsc) refers to daddsub.o(.text) for __aeabi_dsub
    atan2_x.o(i.__atan2$lsc) refers to deqf.o(x$fpl$deqf) for __aeabi_cdcmpeq
    atan2_x.o(i.__atan2$lsc) refers to qnan.o(.constdata) for __mathlib_zero
    round.o(i.round) refers (Special) to usenofp.o(x$fpl$usenofp) for __I$use$fp
    round.o(i.round) refers to drnd.o(.text) for _drnd
    round.o(i.round) refers to daddsub.o(.text) for __aeabi_dsub
    round.o(i.round) refers to dlef.o(x$fpl$dleqf) for __aeabi_cdcmple
    round.o(i.round) refers to drlef.o(x$fpl$drleqf) for __aeabi_cdrcmple
    __rtentry.o(.ARM.Collect$$rtentry$$00000000) refers (Special) to __rtentry2.o(.ARM.Collect$$rtentry$$0000000A) for __rt_entry_li
    __rtentry.o(.ARM.Collect$$rtentry$$00000000) refers (Special) to __rtentry2.o(.ARM.Collect$$rtentry$$0000000D) for __rt_entry_main
    __rtentry.o(.ARM.Collect$$rtentry$$00000000) refers (Special) to __rtentry2.o(.ARM.Collect$$rtentry$$0000000C) for __rt_entry_postli_1
    __rtentry.o(.ARM.Collect$$rtentry$$00000000) refers (Special) to __rtentry2.o(.ARM.Collect$$rtentry$$00000009) for __rt_entry_postsh_1
    __rtentry.o(.ARM.Collect$$rtentry$$00000000) refers (Special) to __rtentry2.o(.ARM.Collect$$rtentry$$00000002) for __rt_entry_presh_1
    __rtentry.o(.ARM.Collect$$rtentry$$00000000) refers (Special) to __rtentry7.o(.ARM.Collect$$rtentry$$00000007) for __rt_entry_sh
    aeabi_idiv0_sigfpe.o(.text) refers to rt_div0.o(.text) for __rt_div0
    _rserrno.o(.text) refers to rt_errno_addr_intlibspace.o(.text) for __aeabi_errno_addr
    ddiv.o(.text) refers (Special) to usenofp.o(x$fpl$usenofp) for __I$use$fp
    ddiv.o(.text) refers to ddiv.o(.constdata) for .constdata
    ddiv.o(.constdata) refers (Special) to usenofp.o(x$fpl$usenofp) for __I$use$fp
    deqf.o(x$fpl$deqf) refers (Special) to usenofp.o(x$fpl$usenofp) for __I$use$fp
    deqf.o(x$fpl$deqf) refers to dcmpin.o(.text) for __fpl_dcmp_InfNaN
    dlef.o(x$fpl$dleqf) refers (Special) to usenofp.o(x$fpl$usenofp) for __I$use$fp
    dlef.o(x$fpl$dleqf) refers to dcmpin.o(.text) for __fpl_dcmp_InfNaN
    drlef.o(x$fpl$drleqf) refers (Special) to usenofp.o(x$fpl$usenofp) for __I$use$fp
    drlef.o(x$fpl$drleqf) refers to dcmpin.o(.text) for __fpl_dcmp_InfNaN
    drnd.o(.text) refers (Special) to usenofp.o(x$fpl$usenofp) for __I$use$fp
    atan.o(i.__softfp_atan) refers (Special) to usenofp.o(x$fpl$usenofp) for __I$use$fp
    atan.o(i.__softfp_atan) refers to atan.o(i.atan) for atan
    atan.o(i.atan) refers (Special) to usenofp.o(x$fpl$usenofp) for __I$use$fp
    atan.o(i.atan) refers to dunder.o(i.__mathlib_dbl_infnan) for __mathlib_dbl_infnan
    atan.o(i.atan) refers to fpclassify.o(i.__ARM_fpclassify) for __ARM_fpclassify
    atan.o(i.atan) refers to dunder.o(i.__mathlib_dbl_underflow) for __mathlib_dbl_underflow
    atan.o(i.atan) refers to daddsub.o(.text) for __aeabi_dadd
    atan.o(i.atan) refers to dscalbn.o(.text) for __ARM_scalbn
    atan.o(i.atan) refers to ddiv.o(.text) for __aeabi_ddiv
    atan.o(i.atan) refers to dmul.o(.text) for __aeabi_dmul
    atan.o(i.atan) refers to poly.o(i.__kernel_poly) for __kernel_poly
    atan.o(i.atan) refers to atan.o(.constdata) for .constdata
    atan.o(.constdata) refers (Special) to usenofp.o(x$fpl$usenofp) for __I$use$fp
    atan_x.o(i.____softfp_atan$lsc) refers (Special) to usenofp.o(x$fpl$usenofp) for __I$use$fp
    atan_x.o(i.____softfp_atan$lsc) refers to atan_x.o(i.__atan$lsc) for __atan$lsc
    atan_x.o(i.__atan$lsc) refers (Special) to usenofp.o(x$fpl$usenofp) for __I$use$fp
    atan_x.o(i.__atan$lsc) refers to dunder.o(i.__mathlib_dbl_infnan) for __mathlib_dbl_infnan
    atan_x.o(i.__atan$lsc) refers to daddsub.o(.text) for __aeabi_dadd
    atan_x.o(i.__atan$lsc) refers to dscalbn.o(.text) for __ARM_scalbn
    atan_x.o(i.__atan$lsc) refers to ddiv.o(.text) for __aeabi_ddiv
    atan_x.o(i.__atan$lsc) refers to dmul.o(.text) for __aeabi_dmul
    atan_x.o(i.__atan$lsc) refers to poly.o(i.__kernel_poly) for __kernel_poly
    atan_x.o(i.__atan$lsc) refers to atan_x.o(.constdata) for .constdata
    atan_x.o(.constdata) refers (Special) to usenofp.o(x$fpl$usenofp) for __I$use$fp
    dunder.o(i.__mathlib_dbl_divzero) refers to ddiv.o(.text) for __aeabi_ddiv
    dunder.o(i.__mathlib_dbl_infnan) refers to dscalbn.o(.text) for __ARM_scalbn
    dunder.o(i.__mathlib_dbl_infnan2) refers to daddsub.o(.text) for __aeabi_dadd
    dunder.o(i.__mathlib_dbl_invalid) refers to ddiv.o(.text) for __aeabi_ddiv
    dunder.o(i.__mathlib_dbl_overflow) refers to dscalbn.o(.text) for __ARM_scalbn
    dunder.o(i.__mathlib_dbl_posinfnan) refers to dmul.o(.text) for __aeabi_dmul
    dunder.o(i.__mathlib_dbl_underflow) refers to dscalbn.o(.text) for __ARM_scalbn
    qnan.o(.constdata) refers (Special) to usenofp.o(x$fpl$usenofp) for __I$use$fp
    __rtentry2.o(.ARM.Collect$$rtentry$$00000008) refers to boardinit2.o(.text) for _platform_post_stackheap_init
    __rtentry2.o(.ARM.Collect$$rtentry$$0000000A) refers to libinit.o(.ARM.Collect$$libinit$$00000000) for __rt_lib_init
    __rtentry2.o(.ARM.Collect$$rtentry$$0000000B) refers to boardinit3.o(.text) for _platform_post_lib_init
    __rtentry2.o(.ARM.Collect$$rtentry$$0000000D) refers to main.o(i.main) for main
    __rtentry2.o(.ARM.Collect$$rtentry$$0000000D) refers to exit.o(.text) for exit
    __rtentry2.o(.ARM.exidx) refers to __rtentry2.o(.ARM.Collect$$rtentry$$00000001) for .ARM.Collect$$rtentry$$00000001
    __rtentry2.o(.ARM.exidx) refers to __rtentry2.o(.ARM.Collect$$rtentry$$00000008) for .ARM.Collect$$rtentry$$00000008
    __rtentry2.o(.ARM.exidx) refers to __rtentry2.o(.ARM.Collect$$rtentry$$0000000A) for .ARM.Collect$$rtentry$$0000000A
    __rtentry2.o(.ARM.exidx) refers to __rtentry2.o(.ARM.Collect$$rtentry$$0000000B) for .ARM.Collect$$rtentry$$0000000B
    __rtentry2.o(.ARM.exidx) refers to __rtentry2.o(.ARM.Collect$$rtentry$$0000000D) for .ARM.Collect$$rtentry$$0000000D
    __rtentry4.o(.ARM.Collect$$rtentry$$00000004) refers to sys_stackheap_outer.o(.text) for __user_setup_stackheap
    __rtentry4.o(.ARM.exidx) refers to __rtentry4.o(.ARM.Collect$$rtentry$$00000004) for .ARM.Collect$$rtentry$$00000004
    __rtentry7.o(.ARM.Collect$$rtentry$$00000007) refers to __rtentry7.o(.ARM.Collect$$rtentry$$00002718) for __lit__00000000
    __rtentry7.o(__vectab_stack_and_reset_2_area) refers to __main.o(!!!main) for __main
    __rtentry7.o(.ARM.exidx) refers to __rtentry7.o(.ARM.Collect$$rtentry$$00000007) for .ARM.Collect$$rtentry$$00000007
    __rtentry7.o(.ARM.exidx) refers to __rtentry7.o(.ARM.Collect$$rtentry$$00002718) for .ARM.Collect$$rtentry$$00002718
    rt_div0.o(.text) refers to defsig_fpe_outer.o(.text) for __rt_SIGFPE
    rt_errno_addr.o(.text) refers to rt_errno_addr.o(.bss) for __aeabi_errno_addr_data
    rt_errno_addr_intlibspace.o(.text) refers to libspace.o(.bss) for __libspace_start
    dcmpin.o(.text) refers (Special) to usenofp.o(x$fpl$usenofp) for __I$use$fp
    dcmpin.o(.text) refers to cmpret.o(.text) for __fpl_cmpreturn
    dcmpin.o(.text) refers to dnan2.o(.text) for __fpl_dcheck_NaN2
    dscalbn.o(.text) refers (Special) to usenofp.o(x$fpl$usenofp) for __I$use$fp
    fpclassify.o(i.__ARM_fpclassify) refers (Special) to usenofp.o(x$fpl$usenofp) for __I$use$fp
    poly.o(i.__kernel_poly) refers (Special) to usenofp.o(x$fpl$usenofp) for __I$use$fp
    poly.o(i.__kernel_poly) refers to dmul.o(.text) for __aeabi_dmul
    poly.o(i.__kernel_poly) refers to daddsub.o(.text) for __aeabi_dadd
    libspace.o(.text) refers to libspace.o(.bss) for __libspace_start
    sys_stackheap_outer.o(.text) refers to libspace.o(.text) for __user_perproc_libspace
    sys_stackheap_outer.o(.text) refers to sys_stackheap.o(.text) for __user_initial_stackheap
    sys_stackheap_outer.o(__vectab_stack_and_reset_area) refers to tempstk.o(.text) for __temporary_stack_top
    sys_stackheap_outer.o(__vectab_stack_and_reset_area) refers to __main.o(!!!main) for __main
    exit.o(.text) refers to rtexit.o(.ARM.Collect$$rtexit$$00000000) for __rt_exit
    defsig_fpe_outer.o(.text) refers to defsig_fpe_inner.o(.text) for __rt_SIGFPE_inner
    defsig_fpe_outer.o(.text) refers to defsig_exit.o(.text) for __sig_exit
    defsig_fpe_formal.o(.text) refers to rt_raise.o(.text) for __rt_raise
    libinit.o(.ARM.Collect$$libinit$$00000000) refers (Special) to libinit2.o(.ARM.Collect$$libinit$$0000002E) for __rt_lib_init_alloca_1
    libinit.o(.ARM.Collect$$libinit$$00000000) refers (Special) to libinit2.o(.ARM.Collect$$libinit$$0000002C) for __rt_lib_init_argv_1
    libinit.o(.ARM.Collect$$libinit$$00000000) refers (Special) to libinit2.o(.ARM.Collect$$libinit$$0000001B) for __rt_lib_init_atexit_1
    libinit.o(.ARM.Collect$$libinit$$00000000) refers (Special) to libinit2.o(.ARM.Collect$$libinit$$00000021) for __rt_lib_init_clock_1
    libinit.o(.ARM.Collect$$libinit$$00000000) refers (Special) to libinit2.o(.ARM.Collect$$libinit$$00000032) for __rt_lib_init_cpp_1
    libinit.o(.ARM.Collect$$libinit$$00000000) refers (Special) to libinit2.o(.ARM.Collect$$libinit$$00000030) for __rt_lib_init_exceptions_1
    libinit.o(.ARM.Collect$$libinit$$00000000) refers (Special) to libinit2.o(.ARM.Collect$$libinit$$00000002) for __rt_lib_init_fp_1
    libinit.o(.ARM.Collect$$libinit$$00000000) refers (Special) to libinit2.o(.ARM.Collect$$libinit$$0000001F) for __rt_lib_init_fp_trap_1
    libinit.o(.ARM.Collect$$libinit$$00000000) refers (Special) to libinit2.o(.ARM.Collect$$libinit$$00000023) for __rt_lib_init_getenv_1
    libinit.o(.ARM.Collect$$libinit$$00000000) refers (Special) to libinit2.o(.ARM.Collect$$libinit$$0000000A) for __rt_lib_init_heap_1
    libinit.o(.ARM.Collect$$libinit$$00000000) refers (Special) to libinit2.o(.ARM.Collect$$libinit$$00000011) for __rt_lib_init_lc_collate_1
    libinit.o(.ARM.Collect$$libinit$$00000000) refers (Special) to libinit2.o(.ARM.Collect$$libinit$$00000013) for __rt_lib_init_lc_ctype_1
    libinit.o(.ARM.Collect$$libinit$$00000000) refers (Special) to libinit2.o(.ARM.Collect$$libinit$$00000015) for __rt_lib_init_lc_monetary_1
    libinit.o(.ARM.Collect$$libinit$$00000000) refers (Special) to libinit2.o(.ARM.Collect$$libinit$$00000017) for __rt_lib_init_lc_numeric_1
    libinit.o(.ARM.Collect$$libinit$$00000000) refers (Special) to libinit2.o(.ARM.Collect$$libinit$$00000019) for __rt_lib_init_lc_time_1
    libinit.o(.ARM.Collect$$libinit$$00000000) refers (Special) to libinit2.o(.ARM.Collect$$libinit$$00000004) for __rt_lib_init_preinit_1
    libinit.o(.ARM.Collect$$libinit$$00000000) refers (Special) to libinit2.o(.ARM.Collect$$libinit$$0000000E) for __rt_lib_init_rand_1
    libinit.o(.ARM.Collect$$libinit$$00000000) refers (Special) to libinit2.o(.ARM.Collect$$libinit$$00000033) for __rt_lib_init_return
    libinit.o(.ARM.Collect$$libinit$$00000000) refers (Special) to libinit2.o(.ARM.Collect$$libinit$$0000001D) for __rt_lib_init_signal_1
    libinit.o(.ARM.Collect$$libinit$$00000000) refers (Special) to libinit2.o(.ARM.Collect$$libinit$$00000025) for __rt_lib_init_stdio_1
    libinit.o(.ARM.Collect$$libinit$$00000000) refers (Special) to libinit2.o(.ARM.Collect$$libinit$$0000000C) for __rt_lib_init_user_alloc_1
    cmpret.o(.text) refers (Special) to usenofp.o(x$fpl$usenofp) for __I$use$fp
    dnan2.o(.text) refers (Special) to usenofp.o(x$fpl$usenofp) for __I$use$fp
    dnan2.o(.text) refers to retnan.o(.text) for __fpl_return_NaN
    sys_stackheap.o(.text) refers (Special) to indicate_semi.o(.text) for __semihosting_library_function
    sys_stackheap.o(.text) refers to use_no_semi.o(.text) for __I$use$semihosting
    rtexit.o(.ARM.Collect$$rtexit$$00000000) refers (Special) to rtexit2.o(.ARM.Collect$$rtexit$$00000004) for __rt_exit_exit
    rtexit.o(.ARM.Collect$$rtexit$$00000000) refers (Special) to rtexit2.o(.ARM.Collect$$rtexit$$00000003) for __rt_exit_ls
    rtexit.o(.ARM.Collect$$rtexit$$00000000) refers (Special) to rtexit2.o(.ARM.Collect$$rtexit$$00000002) for __rt_exit_prels_1
    rtexit.o(.ARM.exidx) refers (Special) to rtexit2.o(.ARM.Collect$$rtexit$$00000004) for __rt_exit_exit
    rtexit.o(.ARM.exidx) refers (Special) to rtexit2.o(.ARM.Collect$$rtexit$$00000003) for __rt_exit_ls
    rtexit.o(.ARM.exidx) refers (Special) to rtexit2.o(.ARM.Collect$$rtexit$$00000002) for __rt_exit_prels_1
    rtexit.o(.ARM.exidx) refers to rtexit.o(.ARM.Collect$$rtexit$$00000000) for .ARM.Collect$$rtexit$$00000000
    rt_raise.o(.text) refers to __raise.o(.text) for __raise
    rt_raise.o(.text) refers to sys_exit.o(.text) for _sys_exit
    defsig_exit.o(.text) refers to sys_exit.o(.text) for _sys_exit
    defsig_fpe_inner.o(.text) refers to defsig_general.o(.text) for __default_signal_display
    libinit2.o(.ARM.Collect$$libinit$$00000010) refers to libinit2.o(.ARM.Collect$$libinit$$0000000F) for .ARM.Collect$$libinit$$0000000F
    libinit2.o(.ARM.Collect$$libinit$$00000012) refers to libinit2.o(.ARM.Collect$$libinit$$0000000F) for .ARM.Collect$$libinit$$0000000F
    libinit2.o(.ARM.Collect$$libinit$$00000014) refers to libinit2.o(.ARM.Collect$$libinit$$0000000F) for .ARM.Collect$$libinit$$0000000F
    libinit2.o(.ARM.Collect$$libinit$$00000016) refers to libinit2.o(.ARM.Collect$$libinit$$0000000F) for .ARM.Collect$$libinit$$0000000F
    libinit2.o(.ARM.Collect$$libinit$$00000018) refers to libinit2.o(.ARM.Collect$$libinit$$0000000F) for .ARM.Collect$$libinit$$0000000F
    libinit2.o(.ARM.Collect$$libinit$$00000026) refers to argv_veneer.o(.text) for __ARM_argv_veneer
    libinit2.o(.ARM.Collect$$libinit$$00000027) refers to argv_veneer.o(.text) for __ARM_argv_veneer
    libinit5.o(.ARM.Collect$$libinit$$00000008) refers to libinit5.o(.ARM.Collect$$libinit$$00002719) for __lit__00000000
    libinit5.o(.ARM.Collect$$libinit$$0000002A) refers to libinit5.o(.ARM.Collect$$libinit$$0000273B) for __lit__00000002
    libinit5.o(.ARM.Collect$$libinit$$0000002A) refers to argv_veneer.o(.text) for __ARM_argv_veneer
    retnan.o(.text) refers (Special) to usenofp.o(x$fpl$usenofp) for __I$use$fp
    retnan.o(.text) refers to cmpret.o(.text) for __fpl_cmpreturn
    sys_exit.o(.text) refers (Special) to use_no_semi.o(.text) for __I$use$semihosting
    sys_exit.o(.text) refers (Special) to indicate_semi.o(.text) for __semihosting_library_function
    rtexit2.o(.ARM.Collect$$rtexit$$00000003) refers to libshutdown.o(.ARM.Collect$$libshutdown$$00000000) for __rt_lib_shutdown
    rtexit2.o(.ARM.Collect$$rtexit$$00000004) refers to sys_exit.o(.text) for _sys_exit
    rtexit2.o(.ARM.exidx) refers to rtexit2.o(.ARM.Collect$$rtexit$$00000001) for .ARM.Collect$$rtexit$$00000001
    rtexit2.o(.ARM.exidx) refers to rtexit2.o(.ARM.Collect$$rtexit$$00000003) for .ARM.Collect$$rtexit$$00000003
    rtexit2.o(.ARM.exidx) refers to rtexit2.o(.ARM.Collect$$rtexit$$00000004) for .ARM.Collect$$rtexit$$00000004
    __raise.o(.text) refers to defsig.o(CL$$defsig) for __default_signal_handler
    defsig_general.o(.text) refers to sys_wrch.o(.text) for _ttywrch
    sys_wrch.o(.text) refers (Special) to use_no_semi.o(.text) for __I$use$semihosting
    sys_wrch.o(.text) refers (Special) to indicate_semi.o(.text) for __semihosting_library_function
    defsig.o(CL$$defsig) refers to defsig_fpe_inner.o(.text) for __rt_SIGFPE_inner
    defsig.o(CL$$defsig) refers to defsig_rtmem_inner.o(.text) for __rt_SIGRTMEM_inner
    _get_argv_nomalloc.o(.text) refers (Special) to hrguard.o(.text) for __heap_region$guard
    _get_argv_nomalloc.o(.text) refers to defsig_rtmem_outer.o(.text) for __rt_SIGRTMEM
    _get_argv_nomalloc.o(.text) refers to sys_command.o(.text) for _sys_command_string
    libshutdown.o(.ARM.Collect$$libshutdown$$00000000) refers (Special) to libshutdown2.o(.ARM.Collect$$libshutdown$$00000004) for __rt_lib_shutdown_cpp_1
    libshutdown.o(.ARM.Collect$$libshutdown$$00000000) refers (Special) to libshutdown2.o(.ARM.Collect$$libshutdown$$00000002) for __rt_lib_shutdown_fini_1
    libshutdown.o(.ARM.Collect$$libshutdown$$00000000) refers (Special) to libshutdown2.o(.ARM.Collect$$libshutdown$$00000009) for __rt_lib_shutdown_fp_trap_1
    libshutdown.o(.ARM.Collect$$libshutdown$$00000000) refers (Special) to libshutdown2.o(.ARM.Collect$$libshutdown$$00000011) for __rt_lib_shutdown_heap_1
    libshutdown.o(.ARM.Collect$$libshutdown$$00000000) refers (Special) to libshutdown2.o(.ARM.Collect$$libshutdown$$00000012) for __rt_lib_shutdown_return
    libshutdown.o(.ARM.Collect$$libshutdown$$00000000) refers (Special) to libshutdown2.o(.ARM.Collect$$libshutdown$$0000000C) for __rt_lib_shutdown_signal_1
    libshutdown.o(.ARM.Collect$$libshutdown$$00000000) refers (Special) to libshutdown2.o(.ARM.Collect$$libshutdown$$00000006) for __rt_lib_shutdown_stdio_1
    libshutdown.o(.ARM.Collect$$libshutdown$$00000000) refers (Special) to libshutdown2.o(.ARM.Collect$$libshutdown$$0000000E) for __rt_lib_shutdown_user_alloc_1
    sys_command.o(.text) refers (Special) to use_no_semi.o(.text) for __I$use$semihosting
    sys_command.o(.text) refers (Special) to indicate_semi.o(.text) for __semihosting_library_function
    defsig_abrt_inner.o(.text) refers to defsig_general.o(.text) for __default_signal_display
    defsig_rtred_inner.o(.text) refers to defsig_general.o(.text) for __default_signal_display
    defsig_rtmem_inner.o(.text) refers to defsig_general.o(.text) for __default_signal_display
    defsig_rtmem_outer.o(.text) refers to defsig_rtmem_inner.o(.text) for __rt_SIGRTMEM_inner
    defsig_rtmem_outer.o(.text) refers to defsig_exit.o(.text) for __sig_exit
    defsig_rtmem_formal.o(.text) refers to rt_raise.o(.text) for __rt_raise
    defsig_stak_inner.o(.text) refers to defsig_general.o(.text) for __default_signal_display
    defsig_pvfn_inner.o(.text) refers to defsig_general.o(.text) for __default_signal_display
    defsig_cppl_inner.o(.text) refers to defsig_general.o(.text) for __default_signal_display
    defsig_segv_inner.o(.text) refers to defsig_general.o(.text) for __default_signal_display
    defsig_other.o(.text) refers to defsig_general.o(.text) for __default_signal_display


==============================================================================

Removing Unused input sections from the image.

    Removing delay.o(.rev16_text), (4 bytes).
    Removing delay.o(.revsh_text), (4 bytes).
    Removing delay.o(i.Shutdown), (20 bytes).
    Removing i2c.o(.rev16_text), (4 bytes).
    Removing i2c.o(.revsh_text), (4 bytes).
    Removing mag.o(.rev16_text), (4 bytes).
    Removing mag.o(.revsh_text), (4 bytes).
    Removing main.o(.rev16_text), (4 bytes).
    Removing main.o(.revsh_text), (4 bytes).
    Removing lcd.o(.rev16_text), (4 bytes).
    Removing lcd.o(.revsh_text), (4 bytes).
    Removing system_mkl46z4.o(.rev16_text), (4 bytes).
    Removing system_mkl46z4.o(.revsh_text), (4 bytes).
    Removing system_mkl46z4.o(i.SystemCoreClockUpdate), (400 bytes).
    Removing system_mkl46z4.o(i.__ARM_common_switch8), (28 bytes).

15 unused section(s) (total 496 bytes) removed from the image.

==============================================================================

Image Symbol Table

    Local Symbols

    Symbol Name                              Value     Ov Type        Size  Object(Section)

    RESET                                    0x00000000   Section      192  startup_mkl46z4.o(RESET)
    ../clib/angel/boardlib.s                 0x00000000   Number         0  boardshut.o ABSOLUTE
    ../clib/angel/boardlib.s                 0x00000000   Number         0  boardinit1.o ABSOLUTE
    ../clib/angel/boardlib.s                 0x00000000   Number         0  boardinit3.o ABSOLUTE
    ../clib/angel/boardlib.s                 0x00000000   Number         0  boardinit2.o ABSOLUTE
    ../clib/angel/handlers.s                 0x00000000   Number         0  __scatter_zi.o ABSOLUTE
    ../clib/angel/handlers.s                 0x00000000   Number         0  __scatter_copy.o ABSOLUTE
    ../clib/angel/kernel.s                   0x00000000   Number         0  __rtentry7.o ABSOLUTE
    ../clib/angel/kernel.s                   0x00000000   Number         0  rtexit.o ABSOLUTE
    ../clib/angel/kernel.s                   0x00000000   Number         0  __rtentry.o ABSOLUTE
    ../clib/angel/kernel.s                   0x00000000   Number         0  rtexit2.o ABSOLUTE
    ../clib/angel/kernel.s                   0x00000000   Number         0  __rtentry2.o ABSOLUTE
    ../clib/angel/kernel.s                   0x00000000   Number         0  __rtentry4.o ABSOLUTE
    ../clib/angel/rt.s                       0x00000000   Number         0  rt_raise.o ABSOLUTE
    ../clib/angel/rt.s                       0x00000000   Number         0  rt_errno_addr_intlibspace.o ABSOLUTE
    ../clib/angel/rt.s                       0x00000000   Number         0  rt_errno_addr.o ABSOLUTE
    ../clib/angel/rt.s                       0x00000000   Number         0  rt_div0.o ABSOLUTE
    ../clib/angel/rt.s                       0x00000000   Number         0  aeabi_idiv0_sigfpe.o ABSOLUTE
    ../clib/angel/rt.s                       0x00000000   Number         0  aeabi_idiv0.o ABSOLUTE
    ../clib/angel/scatterp.s                 0x00000000   Number         0  __scatter.o ABSOLUTE
    ../clib/angel/startup.s                  0x00000000   Number         0  __main.o ABSOLUTE
    ../clib/angel/sys.s                      0x00000000   Number         0  indicate_semi.o ABSOLUTE
    ../clib/angel/sys.s                      0x00000000   Number         0  use_no_semi.o ABSOLUTE
    ../clib/angel/sys.s                      0x00000000   Number         0  libspace.o ABSOLUTE
    ../clib/angel/sys.s                      0x00000000   Number         0  sys_stackheap_outer.o ABSOLUTE
    ../clib/angel/sys.s                      0x00000000   Number         0  sys_stackheap.o ABSOLUTE
    ../clib/angel/sys.s                      0x00000000   Number         0  tempstk.o ABSOLUTE
    ../clib/angel/sysapp.c                   0x00000000   Number         0  sys_command.o ABSOLUTE
    ../clib/angel/sysapp.c                   0x00000000   Number         0  sys_exit.o ABSOLUTE
    ../clib/angel/sysapp.c                   0x00000000   Number         0  sys_wrch.o ABSOLUTE
    ../clib/armsys.c                         0x00000000   Number         0  no_argv.o ABSOLUTE
    ../clib/armsys.c                         0x00000000   Number         0  _get_argv_nomalloc.o ABSOLUTE
    ../clib/armsys.c                         0x00000000   Number         0  argv_veneer.o ABSOLUTE
    ../clib/division.s                       0x00000000   Number         0  aeabi_sdiv_div0.o ABSOLUTE
    ../clib/division.s                       0x00000000   Number         0  aeabi_sdiv.o ABSOLUTE
    ../clib/fenv.c                           0x00000000   Number         0  _rserrno.o ABSOLUTE
    ../clib/heapalloc.c                      0x00000000   Number         0  hrguard.o ABSOLUTE
    ../clib/libinit.s                        0x00000000   Number         0  libshutdown.o ABSOLUTE
    ../clib/libinit.s                        0x00000000   Number         0  libshutdown2.o ABSOLUTE
    ../clib/libinit.s                        0x00000000   Number         0  libinit2.o ABSOLUTE
    ../clib/libinit.s                        0x00000000   Number         0  libinit.o ABSOLUTE
    ../clib/libinit.s                        0x00000000   Number         0  libinit5.o ABSOLUTE
    ../clib/memcpset.c                       0x00000000   Number         0  rt_memcpy.o ABSOLUTE
    ../clib/memcpset.c                       0x00000000   Number         0  rt_memcpy.o ABSOLUTE
    ../clib/signal.c                         0x00000000   Number         0  defsig_rtmem_formal.o ABSOLUTE
    ../clib/signal.c                         0x00000000   Number         0  defsig_exit.o ABSOLUTE
    ../clib/signal.c                         0x00000000   Number         0  __raise.o ABSOLUTE
    ../clib/signal.c                         0x00000000   Number         0  defsig_other.o ABSOLUTE
    ../clib/signal.c                         0x00000000   Number         0  defsig_segv_inner.o ABSOLUTE
    ../clib/signal.c                         0x00000000   Number         0  defsig_fpe_inner.o ABSOLUTE
    ../clib/signal.c                         0x00000000   Number         0  defsig_cppl_inner.o ABSOLUTE
    ../clib/signal.c                         0x00000000   Number         0  defsig_pvfn_inner.o ABSOLUTE
    ../clib/signal.c                         0x00000000   Number         0  defsig_fpe_outer.o ABSOLUTE
    ../clib/signal.c                         0x00000000   Number         0  defsig_stak_inner.o ABSOLUTE
    ../clib/signal.c                         0x00000000   Number         0  defsig_fpe_formal.o ABSOLUTE
    ../clib/signal.c                         0x00000000   Number         0  defsig_rtmem_inner.o ABSOLUTE
    ../clib/signal.c                         0x00000000   Number         0  defsig_rtmem_outer.o ABSOLUTE
    ../clib/signal.c                         0x00000000   Number         0  defsig_rtred_inner.o ABSOLUTE
    ../clib/signal.c                         0x00000000   Number         0  defsig_abrt_inner.o ABSOLUTE
    ../clib/signal.c                         0x00000000   Number         0  defsig_general.o ABSOLUTE
    ../clib/signal.s                         0x00000000   Number         0  defsig.o ABSOLUTE
    ../clib/stdlib.c                         0x00000000   Number         0  exit.o ABSOLUTE
    ../fplib/cfplib/cmpret.c                 0x00000000   Number         0  cmpret.o ABSOLUTE
    ../fplib/cfplib/d2f.c                    0x00000000   Number         0  d2f.o ABSOLUTE
    ../fplib/cfplib/daddsub.c                0x00000000   Number         0  daddsub.o ABSOLUTE
    ../fplib/cfplib/dcmpin.c                 0x00000000   Number         0  dcmpin.o ABSOLUTE
    ../fplib/cfplib/ddiv.c                   0x00000000   Number         0  ddiv.o ABSOLUTE
    ../fplib/cfplib/dmul.c                   0x00000000   Number         0  dmul.o ABSOLUTE
    ../fplib/cfplib/drnd.c                   0x00000000   Number         0  drnd.o ABSOLUTE
    ../fplib/cfplib/f2d.c                    0x00000000   Number         0  f2d.o ABSOLUTE
    ../fplib/cfplib/ffix.c                   0x00000000   Number         0  dfixi.o ABSOLUTE
    ../fplib/cfplib/fflt.c                   0x00000000   Number         0  dflti.o ABSOLUTE
    ../fplib/cfplib/fflt.c                   0x00000000   Number         0  fflti.o ABSOLUTE
    ../fplib/cfplib/fpinit.c                 0x00000000   Number         0  fpinit.o ABSOLUTE
    ../fplib/cfplib/nan2.c                   0x00000000   Number         0  dnan2.o ABSOLUTE
    ../fplib/cfplib/retnan.c                 0x00000000   Number         0  retnan.o ABSOLUTE
    ../fplib/cfplib/scalbn.c                 0x00000000   Number         0  dscalbn.o ABSOLUTE
    ../fplib/deqf6m.s                        0x00000000   Number         0  deqf.o ABSOLUTE
    ../fplib/dleqf6m.s                       0x00000000   Number         0  dlef.o ABSOLUTE
    ../fplib/drleqf6m.s                      0x00000000   Number         0  drlef.o ABSOLUTE
    ../fplib/usenofp.s                       0x00000000   Number         0  usenofp.o ABSOLUTE
    ../mathlib/atan.c                        0x00000000   Number         0  atan.o ABSOLUTE
    ../mathlib/atan.c                        0x00000000   Number         0  atan_x.o ABSOLUTE
    ../mathlib/atan2.c                       0x00000000   Number         0  atan2_x.o ABSOLUTE
    ../mathlib/atan2.c                       0x00000000   Number         0  atan2.o ABSOLUTE
    ../mathlib/dunder.c                      0x00000000   Number         0  dunder.o ABSOLUTE
    ../mathlib/fpclassify.c                  0x00000000   Number         0  fpclassify.o ABSOLUTE
    ../mathlib/poly.c                        0x00000000   Number         0  poly.o ABSOLUTE
    ../mathlib/qnan.c                        0x00000000   Number         0  qnan.o ABSOLUTE
    ../mathlib/round.c                       0x00000000   Number         0  round.o ABSOLUTE
    I2C.c                                    0x00000000   Number         0  i2c.o ABSOLUTE
    I2C.c                                    0x00000000   Number         0  i2c.o ABSOLUTE
    RTE/Device/MKL46Z256VLL4/startup_MKL46Z4.s 0x00000000   Number         0  startup_mkl46z4.o ABSOLUTE
    RTE/Device/MKL46Z256VLL4/system_MKL46Z4.c 0x00000000   Number         0  system_mkl46z4.o ABSOLUTE
    RTE\Device\MKL46Z256VLL4\system_MKL46Z4.c 0x00000000   Number         0  system_mkl46z4.o ABSOLUTE
    dc.s                                     0x00000000   Number         0  dc.o ABSOLUTE
    delay.c                                  0x00000000   Number         0  delay.o ABSOLUTE
    delay.c                                  0x00000000   Number         0  delay.o ABSOLUTE
    lcd.c                                    0x00000000   Number         0  lcd.o ABSOLUTE
    lcd.c                                    0x00000000   Number         0  lcd.o ABSOLUTE
    mag.c                                    0x00000000   Number         0  mag.o ABSOLUTE
    mag.c                                    0x00000000   Number         0  mag.o ABSOLUTE
    main.c                                   0x00000000   Number         0  main.o ABSOLUTE
    main.c                                   0x00000000   Number         0  main.o ABSOLUTE
    FlashConfig                              0x00000400   Section       16  startup_mkl46z4.o(FlashConfig)
    !!!main                                  0x00000410   Section        8  __main.o(!!!main)
    !!!scatter                               0x00000418   Section       60  __scatter.o(!!!scatter)
    !!handler_copy                           0x00000454   Section       26  __scatter_copy.o(!!handler_copy)
    !!handler_zi                             0x00000470   Section       28  __scatter_zi.o(!!handler_zi)
    .ARM.Collect$$libinit$$00000000          0x0000048c   Section        2  libinit.o(.ARM.Collect$$libinit$$00000000)
    .ARM.Collect$$libinit$$00000002          0x0000048e   Section        0  libinit2.o(.ARM.Collect$$libinit$$00000002)
    .ARM.Collect$$libinit$$00000004          0x0000048e   Section        0  libinit2.o(.ARM.Collect$$libinit$$00000004)
    .ARM.Collect$$libinit$$0000000A          0x0000048e   Section        0  libinit2.o(.ARM.Collect$$libinit$$0000000A)
    .ARM.Collect$$libinit$$0000000C          0x0000048e   Section        0  libinit2.o(.ARM.Collect$$libinit$$0000000C)
    .ARM.Collect$$libinit$$0000000E          0x0000048e   Section        0  libinit2.o(.ARM.Collect$$libinit$$0000000E)
    .ARM.Collect$$libinit$$00000011          0x0000048e   Section        0  libinit2.o(.ARM.Collect$$libinit$$00000011)
    .ARM.Collect$$libinit$$00000013          0x0000048e   Section        0  libinit2.o(.ARM.Collect$$libinit$$00000013)
    .ARM.Collect$$libinit$$00000015          0x0000048e   Section        0  libinit2.o(.ARM.Collect$$libinit$$00000015)
    .ARM.Collect$$libinit$$00000017          0x0000048e   Section        0  libinit2.o(.ARM.Collect$$libinit$$00000017)
    .ARM.Collect$$libinit$$00000019          0x0000048e   Section        0  libinit2.o(.ARM.Collect$$libinit$$00000019)
    .ARM.Collect$$libinit$$0000001B          0x0000048e   Section        0  libinit2.o(.ARM.Collect$$libinit$$0000001B)
    .ARM.Collect$$libinit$$0000001D          0x0000048e   Section        0  libinit2.o(.ARM.Collect$$libinit$$0000001D)
    .ARM.Collect$$libinit$$0000001F          0x0000048e   Section        0  libinit2.o(.ARM.Collect$$libinit$$0000001F)
    .ARM.Collect$$libinit$$00000021          0x0000048e   Section        0  libinit2.o(.ARM.Collect$$libinit$$00000021)
    .ARM.Collect$$libinit$$00000023          0x0000048e   Section        0  libinit2.o(.ARM.Collect$$libinit$$00000023)
    .ARM.Collect$$libinit$$00000025          0x0000048e   Section        0  libinit2.o(.ARM.Collect$$libinit$$00000025)
    .ARM.Collect$$libinit$$0000002C          0x0000048e   Section        0  libinit2.o(.ARM.Collect$$libinit$$0000002C)
    .ARM.Collect$$libinit$$0000002E          0x0000048e   Section        0  libinit2.o(.ARM.Collect$$libinit$$0000002E)
    .ARM.Collect$$libinit$$00000030          0x0000048e   Section        0  libinit2.o(.ARM.Collect$$libinit$$00000030)
    .ARM.Collect$$libinit$$00000032          0x0000048e   Section        0  libinit2.o(.ARM.Collect$$libinit$$00000032)
    .ARM.Collect$$libinit$$00000033          0x0000048e   Section        2  libinit2.o(.ARM.Collect$$libinit$$00000033)
    .ARM.Collect$$libshutdown$$00000000      0x00000490   Section        2  libshutdown.o(.ARM.Collect$$libshutdown$$00000000)
    .ARM.Collect$$libshutdown$$00000002      0x00000492   Section        0  libshutdown2.o(.ARM.Collect$$libshutdown$$00000002)
    .ARM.Collect$$libshutdown$$00000004      0x00000492   Section        0  libshutdown2.o(.ARM.Collect$$libshutdown$$00000004)
    .ARM.Collect$$libshutdown$$00000006      0x00000492   Section        0  libshutdown2.o(.ARM.Collect$$libshutdown$$00000006)
    .ARM.Collect$$libshutdown$$00000009      0x00000492   Section        0  libshutdown2.o(.ARM.Collect$$libshutdown$$00000009)
    .ARM.Collect$$libshutdown$$0000000C      0x00000492   Section        0  libshutdown2.o(.ARM.Collect$$libshutdown$$0000000C)
    .ARM.Collect$$libshutdown$$0000000E      0x00000492   Section        0  libshutdown2.o(.ARM.Collect$$libshutdown$$0000000E)
    .ARM.Collect$$libshutdown$$00000011      0x00000492   Section        0  libshutdown2.o(.ARM.Collect$$libshutdown$$00000011)
    .ARM.Collect$$libshutdown$$00000012      0x00000492   Section        2  libshutdown2.o(.ARM.Collect$$libshutdown$$00000012)
    .ARM.Collect$$rtentry$$00000000          0x00000494   Section        0  __rtentry.o(.ARM.Collect$$rtentry$$00000000)
    .ARM.Collect$$rtentry$$00000002          0x00000494   Section        0  __rtentry2.o(.ARM.Collect$$rtentry$$00000002)
    .ARM.Collect$$rtentry$$00000007          0x00000494   Section        4  __rtentry7.o(.ARM.Collect$$rtentry$$00000007)
    .ARM.Collect$$rtentry$$00000009          0x00000498   Section        0  __rtentry2.o(.ARM.Collect$$rtentry$$00000009)
    .ARM.Collect$$rtentry$$0000000A          0x00000498   Section        4  __rtentry2.o(.ARM.Collect$$rtentry$$0000000A)
    .ARM.Collect$$rtentry$$0000000C          0x0000049c   Section        0  __rtentry2.o(.ARM.Collect$$rtentry$$0000000C)
    .ARM.Collect$$rtentry$$0000000D          0x0000049c   Section        8  __rtentry2.o(.ARM.Collect$$rtentry$$0000000D)
    .ARM.Collect$$rtentry$$00002718          0x000004a4   Section        4  __rtentry7.o(.ARM.Collect$$rtentry$$00002718)
    __lit__00000000                          0x000004a4   Data           4  __rtentry7.o(.ARM.Collect$$rtentry$$00002718)
    .ARM.Collect$$rtexit$$00000000           0x000004a8   Section        2  rtexit.o(.ARM.Collect$$rtexit$$00000000)
    .ARM.Collect$$rtexit$$00000002           0x000004aa   Section        0  rtexit2.o(.ARM.Collect$$rtexit$$00000002)
    .ARM.Collect$$rtexit$$00000003           0x000004aa   Section        4  rtexit2.o(.ARM.Collect$$rtexit$$00000003)
    .ARM.Collect$$rtexit$$00000004           0x000004ae   Section        6  rtexit2.o(.ARM.Collect$$rtexit$$00000004)
    .emb_text                                0x000004b4   Section       56  rt_memcpy.o(.emb_text)
    .text                                    0x000004ec   Section      156  startup_mkl46z4.o(.text)
    .text                                    0x00000588   Section        0  rt_memcpy.o(.text)
    .text                                    0x0000060a   Section      346  aeabi_sdiv.o(.text)
    .text                                    0x00000764   Section        0  d2f.o(.text)
    .text                                    0x000007e0   Section        0  daddsub.o(.text)
    _dadd1                                   0x000007e1   Thumb Code   290  daddsub.o(.text)
    _dsub1                                   0x00000903   Thumb Code   470  daddsub.o(.text)
    .text                                    0x00000b38   Section        0  dfixi.o(.text)
    .text                                    0x00000ba4   Section        0  dflti.o(.text)
    .text                                    0x00000bfc   Section        0  dmul.o(.text)
    .text                                    0x00000e44   Section        0  f2d.o(.text)
    .text                                    0x00000e98   Section        0  fflti.o(.text)
    .text                                    0x00000ef6   Section        0  _rserrno.o(.text)
    .text                                    0x00000f0c   Section        0  ddiv.o(.text)
    .text                                    0x00001354   Section        0  drnd.o(.text)
    .text                                    0x00001444   Section        8  rt_errno_addr_intlibspace.o(.text)
    .text                                    0x0000144c   Section        0  dcmpin.o(.text)
    .text                                    0x000014dc   Section        0  dscalbn.o(.text)
    .text                                    0x0000153c   Section        0  exit.o(.text)
    .text                                    0x0000154c   Section        0  cmpret.o(.text)
    .text                                    0x0000157c   Section        0  dnan2.o(.text)
    .text                                    0x00001590   Section        0  retnan.o(.text)
    .text                                    0x000015f0   Section        0  sys_exit.o(.text)
    .text                                    0x000015fc   Section        2  use_no_semi.o(.text)
    .text                                    0x000015fe   Section        0  indicate_semi.o(.text)
    i.Delay                                  0x00001600   Section        0  delay.o(i.Delay)
    i.I2C_init                               0x00001618   Section        0  i2c.o(i.I2C_init)
    i.I2C_read                               0x00001680   Section        0  i2c.o(i.I2C_read)
    i.I2C_write                              0x0000175c   Section        0  i2c.o(i.I2C_write)
    i.Init_Systick                           0x000017dc   Section        0  delay.o(i.Init_Systick)
    i.PORTC_PORTD_IRQHandler                 0x00001810   Section        0  delay.o(i.PORTC_PORTD_IRQHandler)
    i.SegLCD_DisplayDecimal                  0x00001898   Section        0  lcd.o(i.SegLCD_DisplayDecimal)
    i.SegLCD_DisplayError                    0x000018fc   Section        0  lcd.o(i.SegLCD_DisplayError)
    i.SegLCD_Init                            0x0000193c   Section        0  lcd.o(i.SegLCD_Init)
    i.SegLCD_Set                             0x000019c4   Section        0  lcd.o(i.SegLCD_Set)
    i.SysTick_Handler                        0x00001b1c   Section        0  delay.o(i.SysTick_Handler)
    i.SystemInit                             0x00001bd0   Section        0  system_mkl46z4.o(i.SystemInit)
    i.SystemInitHook                         0x00001be4   Section        0  system_mkl46z4.o(i.SystemInitHook)
    i.__ARM_fpclassify                       0x00001be8   Section        0  fpclassify.o(i.__ARM_fpclassify)
    i.__NVIC_SetPriority                     0x00001c14   Section        0  delay.o(i.__NVIC_SetPriority)
    __NVIC_SetPriority                       0x00001c15   Thumb Code   110  delay.o(i.__NVIC_SetPriority)
    i.__kernel_poly                          0x00001c8c   Section        0  poly.o(i.__kernel_poly)
    i.__mathlib_dbl_infnan                   0x00001d38   Section        0  dunder.o(i.__mathlib_dbl_infnan)
    i.__mathlib_dbl_infnan2                  0x00001d42   Section        0  dunder.o(i.__mathlib_dbl_infnan2)
    i.__mathlib_dbl_underflow                0x00001d4c   Section        0  dunder.o(i.__mathlib_dbl_underflow)
    i.atan                                   0x00001d60   Section        0  atan.o(i.atan)
    i.atan2                                  0x00001f7c   Section        0  atan2.o(i.atan2)
    i.init_ITR_SW                            0x00002118   Section        0  delay.o(i.init_ITR_SW)
    i.init_LED                               0x00002164   Section        0  delay.o(i.init_LED)
    i.init_SW                                0x000021c8   Section        0  delay.o(i.init_SW)
    i.mag_Init                               0x00002200   Section        0  mag.o(i.mag_Init)
    i.mag_read                               0x00002212   Section        0  mag.o(i.mag_read)
    i.main                                   0x000022a8   Section        0  main.o(i.main)
    i.round                                  0x0000238c   Section        0  round.o(i.round)
    x$fpl$deqf                               0x00002428   Section      100  deqf.o(x$fpl$deqf)
    x$fpl$dleqf                              0x0000248c   Section      100  dlef.o(x$fpl$dleqf)
    x$fpl$drleqf                             0x000024f0   Section      104  drlef.o(x$fpl$drleqf)
    .constdata                               0x00002558   Section       12  lcd.o(.constdata)
    x$fpl$usenofp                            0x00002558   Section        0  usenofp.o(x$fpl$usenofp)
    LCD_Frp_Pin                              0x00002558   Data           8  lcd.o(.constdata)
    LCD_Bap_Pin                              0x00002560   Data           4  lcd.o(.constdata)
    .constdata                               0x00002564   Section      128  ddiv.o(.constdata)
    ddiv_reciptbl                            0x00002564   Data         128  ddiv.o(.constdata)
    .constdata                               0x000025e8   Section      152  atan.o(.constdata)
    atanhi                                   0x000025e8   Data          32  atan.o(.constdata)
    atanlo                                   0x00002608   Data          32  atan.o(.constdata)
    aTodd                                    0x00002628   Data          40  atan.o(.constdata)
    aTeven                                   0x00002650   Data          48  atan.o(.constdata)
    .constdata                               0x00002680   Section        8  qnan.o(.constdata)
    .data                                    0x1fffe000   Section       24  delay.o(.data)
    .data                                    0x1fffe018   Section        4  system_mkl46z4.o(.data)
    .bss                                     0x1fffe01c   Section       96  libspace.o(.bss)

    Global Symbols

    Symbol Name                              Value     Ov Type        Size  Object(Section)

    BuildAttributes$$THM_ISAv3M$S$PE$A:L22$X:L11$S22$IEEE1$IW$USESV6$~STKCKD$USESV7$~SHL$OTIME$ROPI$IEEEX$EBA8$UX$STANDARDLIB$REQ8$PRES8$EABIv2 0x00000000   Number         0  anon$$obj.o ABSOLUTE
    __ARM_use_no_argv                        0x00000000   Number         0  main.o ABSOLUTE
    __Vectors                                0x00000000   Data           4  startup_mkl46z4.o(RESET)
    Image$$ZI$$Limit                          - Undefined Weak Reference
    __ARM_exceptions_init                     - Undefined Weak Reference
    __alloca_initialize                       - Undefined Weak Reference
    __arm_fini_                               - Undefined Weak Reference
    __arm_preinit_                            - Undefined Weak Reference
    __cpp_initialize__aeabi_                  - Undefined Weak Reference
    __cxa_finalize                            - Undefined Weak Reference
    __rt_locale                               - Undefined Weak Reference
    __sigvec_lookup                           - Undefined Weak Reference
    _atexit_init                              - Undefined Weak Reference
    _call_atexit_fns                          - Undefined Weak Reference
    _clock_init                               - Undefined Weak Reference
    _fp_trap_init                             - Undefined Weak Reference
    _fp_trap_shutdown                         - Undefined Weak Reference
    _get_lc_collate                           - Undefined Weak Reference
    _get_lc_ctype                             - Undefined Weak Reference
    _get_lc_monetary                          - Undefined Weak Reference
    _get_lc_numeric                           - Undefined Weak Reference
    _get_lc_time                              - Undefined Weak Reference
    _getenv_init                              - Undefined Weak Reference
    _handle_redirection                       - Undefined Weak Reference
    _init_alloc                               - Undefined Weak Reference
    _init_user_alloc                          - Undefined Weak Reference
    _initio                                   - Undefined Weak Reference
    _rand_init                                - Undefined Weak Reference
    _signal_finish                            - Undefined Weak Reference
    _signal_init                              - Undefined Weak Reference
    _terminate_alloc                          - Undefined Weak Reference
    _terminate_user_alloc                     - Undefined Weak Reference
    _terminateio                              - Undefined Weak Reference
    __Vectors_End                            0x000000c0   Data           0  startup_mkl46z4.o(RESET)
    __Vectors_Size                           0x000000c0   Number         0  startup_mkl46z4.o ABSOLUTE
    __main                                   0x00000411   Thumb Code     8  __main.o(!!!main)
    __scatterload                            0x00000419   Thumb Code     0  __scatter.o(!!!scatter)
    __scatterload_rt2                        0x00000419   Thumb Code    52  __scatter.o(!!!scatter)
    __scatterload_rt2_thumb_only             0x00000419   Thumb Code     0  __scatter.o(!!!scatter)
    __scatterload_null                       0x00000429   Thumb Code     0  __scatter.o(!!!scatter)
    __scatterload_copy                       0x00000455   Thumb Code    26  __scatter_copy.o(!!handler_copy)
    __scatterload_zeroinit                   0x00000471   Thumb Code    28  __scatter_zi.o(!!handler_zi)
    __rt_lib_init                            0x0000048d   Thumb Code     0  libinit.o(.ARM.Collect$$libinit$$00000000)
    __rt_lib_init_alloca_1                   0x0000048f   Thumb Code     0  libinit2.o(.ARM.Collect$$libinit$$0000002E)
    __rt_lib_init_argv_1                     0x0000048f   Thumb Code     0  libinit2.o(.ARM.Collect$$libinit$$0000002C)
    __rt_lib_init_atexit_1                   0x0000048f   Thumb Code     0  libinit2.o(.ARM.Collect$$libinit$$0000001B)
    __rt_lib_init_clock_1                    0x0000048f   Thumb Code     0  libinit2.o(.ARM.Collect$$libinit$$00000021)
    __rt_lib_init_cpp_1                      0x0000048f   Thumb Code     0  libinit2.o(.ARM.Collect$$libinit$$00000032)
    __rt_lib_init_exceptions_1               0x0000048f   Thumb Code     0  libinit2.o(.ARM.Collect$$libinit$$00000030)
    __rt_lib_init_fp_1                       0x0000048f   Thumb Code     0  libinit2.o(.ARM.Collect$$libinit$$00000002)
    __rt_lib_init_fp_trap_1                  0x0000048f   Thumb Code     0  libinit2.o(.ARM.Collect$$libinit$$0000001F)
    __rt_lib_init_getenv_1                   0x0000048f   Thumb Code     0  libinit2.o(.ARM.Collect$$libinit$$00000023)
    __rt_lib_init_heap_1                     0x0000048f   Thumb Code     0  libinit2.o(.ARM.Collect$$libinit$$0000000A)
    __rt_lib_init_lc_collate_1               0x0000048f   Thumb Code     0  libinit2.o(.ARM.Collect$$libinit$$00000011)
    __rt_lib_init_lc_ctype_1                 0x0000048f   Thumb Code     0  libinit2.o(.ARM.Collect$$libinit$$00000013)
    __rt_lib_init_lc_monetary_1              0x0000048f   Thumb Code     0  libinit2.o(.ARM.Collect$$libinit$$00000015)
    __rt_lib_init_lc_numeric_1               0x0000048f   Thumb Code     0  libinit2.o(.ARM.Collect$$libinit$$00000017)
    __rt_lib_init_lc_time_1                  0x0000048f   Thumb Code     0  libinit2.o(.ARM.Collect$$libinit$$00000019)
    __rt_lib_init_preinit_1                  0x0000048f   Thumb Code     0  libinit2.o(.ARM.Collect$$libinit$$00000004)
    __rt_lib_init_rand_1                     0x0000048f   Thumb Code     0  libinit2.o(.ARM.Collect$$libinit$$0000000E)
    __rt_lib_init_return                     0x0000048f   Thumb Code     0  libinit2.o(.ARM.Collect$$libinit$$00000033)
    __rt_lib_init_signal_1                   0x0000048f   Thumb Code     0  libinit2.o(.ARM.Collect$$libinit$$0000001D)
    __rt_lib_init_stdio_1                    0x0000048f   Thumb Code     0  libinit2.o(.ARM.Collect$$libinit$$00000025)
    __rt_lib_init_user_alloc_1               0x0000048f   Thumb Code     0  libinit2.o(.ARM.Collect$$libinit$$0000000C)
    __rt_lib_shutdown                        0x00000491   Thumb Code     0  libshutdown.o(.ARM.Collect$$libshutdown$$00000000)
    __rt_lib_shutdown_cpp_1                  0x00000493   Thumb Code     0  libshutdown2.o(.ARM.Collect$$libshutdown$$00000004)
    __rt_lib_shutdown_fini_1                 0x00000493   Thumb Code     0  libshutdown2.o(.ARM.Collect$$libshutdown$$00000002)
    __rt_lib_shutdown_fp_trap_1              0x00000493   Thumb Code     0  libshutdown2.o(.ARM.Collect$$libshutdown$$00000009)
    __rt_lib_shutdown_heap_1                 0x00000493   Thumb Code     0  libshutdown2.o(.ARM.Collect$$libshutdown$$00000011)
    __rt_lib_shutdown_return                 0x00000493   Thumb Code     0  libshutdown2.o(.ARM.Collect$$libshutdown$$00000012)
    __rt_lib_shutdown_signal_1               0x00000493   Thumb Code     0  libshutdown2.o(.ARM.Collect$$libshutdown$$0000000C)
    __rt_lib_shutdown_stdio_1                0x00000493   Thumb Code     0  libshutdown2.o(.ARM.Collect$$libshutdown$$00000006)
    __rt_lib_shutdown_user_alloc_1           0x00000493   Thumb Code     0  libshutdown2.o(.ARM.Collect$$libshutdown$$0000000E)
    __rt_entry                               0x00000495   Thumb Code     0  __rtentry.o(.ARM.Collect$$rtentry$$00000000)
    __rt_entry_presh_1                       0x00000495   Thumb Code     0  __rtentry2.o(.ARM.Collect$$rtentry$$00000002)
    __rt_entry_sh                            0x00000495   Thumb Code     0  __rtentry7.o(.ARM.Collect$$rtentry$$00000007)
    __rt_entry_li                            0x00000499   Thumb Code     0  __rtentry2.o(.ARM.Collect$$rtentry$$0000000A)
    __rt_entry_postsh_1                      0x00000499   Thumb Code     0  __rtentry2.o(.ARM.Collect$$rtentry$$00000009)
    __rt_entry_main                          0x0000049d   Thumb Code     0  __rtentry2.o(.ARM.Collect$$rtentry$$0000000D)
    __rt_entry_postli_1                      0x0000049d   Thumb Code     0  __rtentry2.o(.ARM.Collect$$rtentry$$0000000C)
    __rt_exit                                0x000004a9   Thumb Code     0  rtexit.o(.ARM.Collect$$rtexit$$00000000)
    __rt_exit_ls                             0x000004ab   Thumb Code     0  rtexit2.o(.ARM.Collect$$rtexit$$00000003)
    __rt_exit_prels_1                        0x000004ab   Thumb Code     0  rtexit2.o(.ARM.Collect$$rtexit$$00000002)
    __rt_exit_exit                           0x000004af   Thumb Code     0  rtexit2.o(.ARM.Collect$$rtexit$$00000004)
    __aeabi_memcpy4                          0x000004b5   Thumb Code    56  rt_memcpy.o(.emb_text)
    __aeabi_memcpy8                          0x000004b5   Thumb Code     0  rt_memcpy.o(.emb_text)
    Reset_Handler                            0x000004ed   Thumb Code    24  startup_mkl46z4.o(.text)
    NMI_Handler                              0x00000505   Thumb Code     2  startup_mkl46z4.o(.text)
    HardFault_Handler                        0x00000507   Thumb Code     2  startup_mkl46z4.o(.text)
    SVC_Handler                              0x00000509   Thumb Code     2  startup_mkl46z4.o(.text)
    PendSV_Handler                           0x0000050b   Thumb Code     2  startup_mkl46z4.o(.text)
    DMA0_IRQHandler                          0x0000050f   Thumb Code     4  startup_mkl46z4.o(.text)
    DMA1_IRQHandler                          0x00000513   Thumb Code     4  startup_mkl46z4.o(.text)
    DMA2_IRQHandler                          0x00000517   Thumb Code     4  startup_mkl46z4.o(.text)
    DMA3_IRQHandler                          0x0000051b   Thumb Code     4  startup_mkl46z4.o(.text)
    I2C0_IRQHandler                          0x0000051f   Thumb Code     4  startup_mkl46z4.o(.text)
    I2C1_IRQHandler                          0x00000523   Thumb Code     4  startup_mkl46z4.o(.text)
    SPI0_IRQHandler                          0x00000527   Thumb Code     4  startup_mkl46z4.o(.text)
    SPI1_IRQHandler                          0x0000052b   Thumb Code     4  startup_mkl46z4.o(.text)
    UART0_IRQHandler                         0x0000052f   Thumb Code     4  startup_mkl46z4.o(.text)
    UART1_IRQHandler                         0x00000533   Thumb Code     4  startup_mkl46z4.o(.text)
    UART2_IRQHandler                         0x00000537   Thumb Code     4  startup_mkl46z4.o(.text)
    I2S0_IRQHandler                          0x0000053b   Thumb Code     4  startup_mkl46z4.o(.text)
    ADC0_IRQHandler                          0x0000053f   Thumb Code     0  startup_mkl46z4.o(.text)
    CMP0_IRQHandler                          0x0000053f   Thumb Code     0  startup_mkl46z4.o(.text)
    DAC0_IRQHandler                          0x0000053f   Thumb Code     0  startup_mkl46z4.o(.text)
    DMA0_DriverIRQHandler                    0x0000053f   Thumb Code     0  startup_mkl46z4.o(.text)
    DMA1_DriverIRQHandler                    0x0000053f   Thumb Code     0  startup_mkl46z4.o(.text)
    DMA2_DriverIRQHandler                    0x0000053f   Thumb Code     0  startup_mkl46z4.o(.text)
    DMA3_DriverIRQHandler                    0x0000053f   Thumb Code     0  startup_mkl46z4.o(.text)
    DefaultISR                               0x0000053f   Thumb Code     0  startup_mkl46z4.o(.text)
    FTFA_IRQHandler                          0x0000053f   Thumb Code     0  startup_mkl46z4.o(.text)
    I2C0_DriverIRQHandler                    0x0000053f   Thumb Code     0  startup_mkl46z4.o(.text)
    I2C1_DriverIRQHandler                    0x0000053f   Thumb Code     0  startup_mkl46z4.o(.text)
    I2S0_DriverIRQHandler                    0x0000053f   Thumb Code     0  startup_mkl46z4.o(.text)
    LCD_IRQHandler                           0x0000053f   Thumb Code     0  startup_mkl46z4.o(.text)
    LLWU_IRQHandler                          0x0000053f   Thumb Code     0  startup_mkl46z4.o(.text)
    LPTMR0_IRQHandler                        0x0000053f   Thumb Code     0  startup_mkl46z4.o(.text)
    LVD_LVW_IRQHandler                       0x0000053f   Thumb Code     0  startup_mkl46z4.o(.text)
    MCG_IRQHandler                           0x0000053f   Thumb Code     0  startup_mkl46z4.o(.text)
    PIT_IRQHandler                           0x0000053f   Thumb Code     0  startup_mkl46z4.o(.text)
    PORTA_IRQHandler                         0x0000053f   Thumb Code     0  startup_mkl46z4.o(.text)
    RTC_IRQHandler                           0x0000053f   Thumb Code     0  startup_mkl46z4.o(.text)
    RTC_Seconds_IRQHandler                   0x0000053f   Thumb Code     0  startup_mkl46z4.o(.text)
    Reserved20_IRQHandler                    0x0000053f   Thumb Code     0  startup_mkl46z4.o(.text)
    SPI0_DriverIRQHandler                    0x0000053f   Thumb Code     0  startup_mkl46z4.o(.text)
    SPI1_DriverIRQHandler                    0x0000053f   Thumb Code     0  startup_mkl46z4.o(.text)
    TPM0_IRQHandler                          0x0000053f   Thumb Code     0  startup_mkl46z4.o(.text)
    TPM1_IRQHandler                          0x0000053f   Thumb Code     0  startup_mkl46z4.o(.text)
    TPM2_IRQHandler                          0x0000053f   Thumb Code     0  startup_mkl46z4.o(.text)
    TSI0_IRQHandler                          0x0000053f   Thumb Code     0  startup_mkl46z4.o(.text)
    UART0_DriverIRQHandler                   0x0000053f   Thumb Code     0  startup_mkl46z4.o(.text)
    UART1_DriverIRQHandler                   0x0000053f   Thumb Code     0  startup_mkl46z4.o(.text)
    UART2_DriverIRQHandler                   0x0000053f   Thumb Code     0  startup_mkl46z4.o(.text)
    USB0_IRQHandler                          0x0000053f   Thumb Code     0  startup_mkl46z4.o(.text)
    __aeabi_memcpy                           0x00000589   Thumb Code   130  rt_memcpy.o(.text)
    __rt_memcpy                              0x00000589   Thumb Code     0  rt_memcpy.o(.text)
    __aeabi_uidiv                            0x0000060b   Thumb Code     0  aeabi_sdiv.o(.text)
    __aeabi_uidivmod                         0x0000060b   Thumb Code    20  aeabi_sdiv.o(.text)
    __aeabi_idiv                             0x0000061f   Thumb Code     0  aeabi_sdiv.o(.text)
    __aeabi_idivmod                          0x0000061f   Thumb Code   326  aeabi_sdiv.o(.text)
    __aeabi_d2f                              0x00000765   Thumb Code     0  d2f.o(.text)
    _d2f                                     0x00000765   Thumb Code   120  d2f.o(.text)
    __aeabi_dadd                             0x00000ad9   Thumb Code     0  daddsub.o(.text)
    _dadd                                    0x00000ad9   Thumb Code    26  daddsub.o(.text)
    __aeabi_dsub                             0x00000af3   Thumb Code     0  daddsub.o(.text)
    _dsub                                    0x00000af3   Thumb Code    22  daddsub.o(.text)
    __aeabi_drsub                            0x00000b09   Thumb Code     0  daddsub.o(.text)
    _drsb                                    0x00000b09   Thumb Code    28  daddsub.o(.text)
    __aeabi_d2iz                             0x00000b39   Thumb Code     0  dfixi.o(.text)
    _dfix                                    0x00000b39   Thumb Code    98  dfixi.o(.text)
    __aeabi_i2d_normalise                    0x00000ba5   Thumb Code    66  dflti.o(.text)
    __aeabi_i2d                              0x00000be7   Thumb Code    16  dflti.o(.text)
    _dflt                                    0x00000be7   Thumb Code     0  dflti.o(.text)
    __aeabi_ui2d                             0x00000bf7   Thumb Code     6  dflti.o(.text)
    _dfltu                                   0x00000bf7   Thumb Code     0  dflti.o(.text)
    __aeabi_dmul                             0x00000bfd   Thumb Code     0  dmul.o(.text)
    _dmul                                    0x00000bfd   Thumb Code   558  dmul.o(.text)
    __aeabi_f2d                              0x00000e45   Thumb Code     0  f2d.o(.text)
    _f2d                                     0x00000e45   Thumb Code    80  f2d.o(.text)
    __aeabi_i2f_normalise                    0x00000e99   Thumb Code    72  fflti.o(.text)
    __aeabi_i2f                              0x00000ee1   Thumb Code    16  fflti.o(.text)
    _fflt                                    0x00000ee1   Thumb Code     0  fflti.o(.text)
    __aeabi_ui2f                             0x00000ef1   Thumb Code     6  fflti.o(.text)
    _ffltu                                   0x00000ef1   Thumb Code     0  fflti.o(.text)
    __read_errno                             0x00000ef7   Thumb Code    10  _rserrno.o(.text)
    __set_errno                              0x00000f01   Thumb Code    12  _rserrno.o(.text)
    __aeabi_ddiv                             0x00000f0d   Thumb Code     0  ddiv.o(.text)
    _ddiv                                    0x00000f0d   Thumb Code  1072  ddiv.o(.text)
    _drdiv                                   0x0000133d   Thumb Code    20  ddiv.o(.text)
    _drnd                                    0x00001355   Thumb Code   232  drnd.o(.text)
    __aeabi_errno_addr                       0x00001445   Thumb Code     8  rt_errno_addr_intlibspace.o(.text)
    __errno$intlibspace                      0x00001445   Thumb Code     0  rt_errno_addr_intlibspace.o(.text)
    __rt_errno_addr$intlibspace              0x00001445   Thumb Code     0  rt_errno_addr_intlibspace.o(.text)
    __fpl_dcmp_InfNaN                        0x0000144d   Thumb Code   140  dcmpin.o(.text)
    __ARM_scalbn                             0x000014dd   Thumb Code    84  dscalbn.o(.text)
    exit                                     0x0000153d   Thumb Code    16  exit.o(.text)
    __fpl_cmpreturn                          0x0000154d   Thumb Code    46  cmpret.o(.text)
    __fpl_dcheck_NaN2                        0x0000157d   Thumb Code    14  dnan2.o(.text)
    __fpl_return_NaN                         0x00001591   Thumb Code    94  retnan.o(.text)
    _sys_exit                                0x000015f1   Thumb Code     8  sys_exit.o(.text)
    __I$use$semihosting                      0x000015fd   Thumb Code     0  use_no_semi.o(.text)
    __use_no_semihosting_swi                 0x000015fd   Thumb Code     2  use_no_semi.o(.text)
    __semihosting_library_function           0x000015ff   Thumb Code     0  indicate_semi.o(.text)
    Delay                                    0x00001601   Thumb Code    18  delay.o(i.Delay)
    I2C_init                                 0x00001619   Thumb Code    92  i2c.o(i.I2C_init)
    I2C_read                                 0x00001681   Thumb Code   216  i2c.o(i.I2C_read)
    I2C_write                                0x0000175d   Thumb Code   122  i2c.o(i.I2C_write)
    Init_Systick                             0x000017dd   Thumb Code    42  delay.o(i.Init_Systick)
    PORTC_PORTD_IRQHandler                   0x00001811   Thumb Code   122  delay.o(i.PORTC_PORTD_IRQHandler)
    SegLCD_DisplayDecimal                    0x00001899   Thumb Code    94  lcd.o(i.SegLCD_DisplayDecimal)
    SegLCD_DisplayError                      0x000018fd   Thumb Code    58  lcd.o(i.SegLCD_DisplayError)
    SegLCD_Init                              0x0000193d   Thumb Code   102  lcd.o(i.SegLCD_Init)
    SegLCD_Set                               0x000019c5   Thumb Code   336  lcd.o(i.SegLCD_Set)
    SysTick_Handler                          0x00001b1d   Thumb Code   160  delay.o(i.SysTick_Handler)
    SystemInit                               0x00001bd1   Thumb Code    14  system_mkl46z4.o(i.SystemInit)
    SystemInitHook                           0x00001be5   Thumb Code     2  system_mkl46z4.o(i.SystemInitHook)
    __ARM_fpclassify                         0x00001be9   Thumb Code    40  fpclassify.o(i.__ARM_fpclassify)
    __kernel_poly                            0x00001c8d   Thumb Code   172  poly.o(i.__kernel_poly)
    __mathlib_dbl_infnan                     0x00001d39   Thumb Code    10  dunder.o(i.__mathlib_dbl_infnan)
    __mathlib_dbl_infnan2                    0x00001d43   Thumb Code     8  dunder.o(i.__mathlib_dbl_infnan2)
    __mathlib_dbl_underflow                  0x00001d4d   Thumb Code    14  dunder.o(i.__mathlib_dbl_underflow)
    atan                                     0x00001d61   Thumb Code   472  atan.o(i.atan)
    atan2                                    0x00001f7d   Thumb Code   372  atan2.o(i.atan2)
    init_ITR_SW                              0x00002119   Thumb Code    64  delay.o(i.init_ITR_SW)
    init_LED                                 0x00002165   Thumb Code    82  delay.o(i.init_LED)
    init_SW                                  0x000021c9   Thumb Code    42  delay.o(i.init_SW)
    mag_Init                                 0x00002201   Thumb Code    18  mag.o(i.mag_Init)
    mag_read                                 0x00002213   Thumb Code   148  mag.o(i.mag_read)
    main                                     0x000022a9   Thumb Code   210  main.o(i.main)
    round                                    0x0000238d   Thumb Code   142  round.o(i.round)
    __aeabi_cdcmpeq                          0x00002429   Thumb Code     0  deqf.o(x$fpl$deqf)
    _dcmpeq                                  0x00002429   Thumb Code    94  deqf.o(x$fpl$deqf)
    __aeabi_cdcmple                          0x0000248d   Thumb Code     0  dlef.o(x$fpl$dleqf)
    _dcmple                                  0x0000248d   Thumb Code    94  dlef.o(x$fpl$dleqf)
    __aeabi_cdrcmple                         0x000024f1   Thumb Code     0  drlef.o(x$fpl$drleqf)
    _drcmple                                 0x000024f1   Thumb Code   100  drlef.o(x$fpl$drleqf)
    __I$use$fp                               0x00002558   Number         0  usenofp.o(x$fpl$usenofp)
    __mathlib_zero                           0x00002680   Data           8  qnan.o(.constdata)
    Region$$Table$$Base                      0x00002688   Number         0  anon$$obj.o(Region$$Table)
    Region$$Table$$Limit                     0x000026a8   Number         0  anon$$obj.o(Region$$Table)
    msTicks                                  0x1fffe000   Data           4  delay.o(.data)
    state                                    0x1fffe004   Data           1  delay.o(.data)
    TICK_Green                               0x1fffe008   Data           4  delay.o(.data)
    TICK_Red                                 0x1fffe00c   Data           4  delay.o(.data)
    green                                    0x1fffe010   Data           4  delay.o(.data)
    red                                      0x1fffe014   Data           4  delay.o(.data)
    SystemCoreClock                          0x1fffe018   Data           4  system_mkl46z4.o(.data)
    __libspace_start                         0x1fffe01c   Data          96  libspace.o(.bss)
    Image$$ARM_LIB_HEAP$$ZI$$Base            0x1fffe07c   Number         0  anon$$obj.o ABSOLUTE
    __temporary_stack_top$libspace           0x1fffe07c   Data           0  libspace.o(.bss)
    Image$$ARM_LIB_HEAP$$ZI$$Limit           0x1fffe47c   Number         0  anon$$obj.o ABSOLUTE
    Image$$ARM_LIB_STACK$$ZI$$Limit          0x20006000   Number         0  anon$$obj.o ABSOLUTE



==============================================================================

Memory Map of the image

  Image Entry point : 0x000004ed

  Load Region LR_m_text (Base: 0x00000000, Size: 0x000026c4, Max: 0x00040000, ABSOLUTE)

    Execution Region VECTOR_ROM (Exec base: 0x00000000, Load base: 0x00000000, Size: 0x000000c0, Max: 0x00000200, ABSOLUTE)

    Exec Addr    Load Addr    Size         Type   Attr      Idx    E Section Name        Object

    0x00000000   0x00000000   0x000000c0   Data   RO          235    RESET               startup_mkl46z4.o


    Execution Region ER_m_flash_config (Exec base: 0x00000400, Load base: 0x00000400, Size: 0x00000010, Max: 0x00000010, ABSOLUTE, FIXED)

    Exec Addr    Load Addr    Size         Type   Attr      Idx    E Section Name        Object

    0x00000400   0x00000400   0x00000010   Data   RO          236    FlashConfig         startup_mkl46z4.o


    Execution Region ER_m_text (Exec base: 0x00000410, Load base: 0x00000410, Size: 0x00002298, Max: 0x0003fbf0, ABSOLUTE)

    Exec Addr    Load Addr    Size         Type   Attr      Idx    E Section Name        Object

    0x00000410   0x00000410   0x00000008   Code   RO          303  * !!!main             c_p.l(__main.o)
    0x00000418   0x00000418   0x0000003c   Code   RO          567    !!!scatter          c_p.l(__scatter.o)
    0x00000454   0x00000454   0x0000001a   Code   RO          569    !!handler_copy      c_p.l(__scatter_copy.o)
    0x0000046e   0x0000046e   0x00000002   PAD
    0x00000470   0x00000470   0x0000001c   Code   RO          571    !!handler_zi        c_p.l(__scatter_zi.o)
    0x0000048c   0x0000048c   0x00000002   Code   RO          425    .ARM.Collect$$libinit$$00000000  c_p.l(libinit.o)
    0x0000048e   0x0000048e   0x00000000   Code   RO          442    .ARM.Collect$$libinit$$00000002  c_p.l(libinit2.o)
    0x0000048e   0x0000048e   0x00000000   Code   RO          444    .ARM.Collect$$libinit$$00000004  c_p.l(libinit2.o)
    0x0000048e   0x0000048e   0x00000000   Code   RO          447    .ARM.Collect$$libinit$$0000000A  c_p.l(libinit2.o)
    0x0000048e   0x0000048e   0x00000000   Code   RO          449    .ARM.Collect$$libinit$$0000000C  c_p.l(libinit2.o)
    0x0000048e   0x0000048e   0x00000000   Code   RO          451    .ARM.Collect$$libinit$$0000000E  c_p.l(libinit2.o)
    0x0000048e   0x0000048e   0x00000000   Code   RO          454    .ARM.Collect$$libinit$$00000011  c_p.l(libinit2.o)
    0x0000048e   0x0000048e   0x00000000   Code   RO          456    .ARM.Collect$$libinit$$00000013  c_p.l(libinit2.o)
    0x0000048e   0x0000048e   0x00000000   Code   RO          458    .ARM.Collect$$libinit$$00000015  c_p.l(libinit2.o)
    0x0000048e   0x0000048e   0x00000000   Code   RO          460    .ARM.Collect$$libinit$$00000017  c_p.l(libinit2.o)
    0x0000048e   0x0000048e   0x00000000   Code   RO          462    .ARM.Collect$$libinit$$00000019  c_p.l(libinit2.o)
    0x0000048e   0x0000048e   0x00000000   Code   RO          464    .ARM.Collect$$libinit$$0000001B  c_p.l(libinit2.o)
    0x0000048e   0x0000048e   0x00000000   Code   RO          466    .ARM.Collect$$libinit$$0000001D  c_p.l(libinit2.o)
    0x0000048e   0x0000048e   0x00000000   Code   RO          468    .ARM.Collect$$libinit$$0000001F  c_p.l(libinit2.o)
    0x0000048e   0x0000048e   0x00000000   Code   RO          470    .ARM.Collect$$libinit$$00000021  c_p.l(libinit2.o)
    0x0000048e   0x0000048e   0x00000000   Code   RO          472    .ARM.Collect$$libinit$$00000023  c_p.l(libinit2.o)
    0x0000048e   0x0000048e   0x00000000   Code   RO          474    .ARM.Collect$$libinit$$00000025  c_p.l(libinit2.o)
    0x0000048e   0x0000048e   0x00000000   Code   RO          478    .ARM.Collect$$libinit$$0000002C  c_p.l(libinit2.o)
    0x0000048e   0x0000048e   0x00000000   Code   RO          480    .ARM.Collect$$libinit$$0000002E  c_p.l(libinit2.o)
    0x0000048e   0x0000048e   0x00000000   Code   RO          482    .ARM.Collect$$libinit$$00000030  c_p.l(libinit2.o)
    0x0000048e   0x0000048e   0x00000000   Code   RO          484    .ARM.Collect$$libinit$$00000032  c_p.l(libinit2.o)
    0x0000048e   0x0000048e   0x00000002   Code   RO          485    .ARM.Collect$$libinit$$00000033  c_p.l(libinit2.o)
    0x00000490   0x00000490   0x00000002   Code   RO          522    .ARM.Collect$$libshutdown$$00000000  c_p.l(libshutdown.o)
    0x00000492   0x00000492   0x00000000   Code   RO          548    .ARM.Collect$$libshutdown$$00000002  c_p.l(libshutdown2.o)
    0x00000492   0x00000492   0x00000000   Code   RO          550    .ARM.Collect$$libshutdown$$00000004  c_p.l(libshutdown2.o)
    0x00000492   0x00000492   0x00000000   Code   RO          552    .ARM.Collect$$libshutdown$$00000006  c_p.l(libshutdown2.o)
    0x00000492   0x00000492   0x00000000   Code   RO          555    .ARM.Collect$$libshutdown$$00000009  c_p.l(libshutdown2.o)
    0x00000492   0x00000492   0x00000000   Code   RO          558    .ARM.Collect$$libshutdown$$0000000C  c_p.l(libshutdown2.o)
    0x00000492   0x00000492   0x00000000   Code   RO          560    .ARM.Collect$$libshutdown$$0000000E  c_p.l(libshutdown2.o)
    0x00000492   0x00000492   0x00000000   Code   RO          563    .ARM.Collect$$libshutdown$$00000011  c_p.l(libshutdown2.o)
    0x00000492   0x00000492   0x00000002   Code   RO          564    .ARM.Collect$$libshutdown$$00000012  c_p.l(libshutdown2.o)
    0x00000494   0x00000494   0x00000000   Code   RO          329    .ARM.Collect$$rtentry$$00000000  c_p.l(__rtentry.o)
    0x00000494   0x00000494   0x00000000   Code   RO          374    .ARM.Collect$$rtentry$$00000002  c_p.l(__rtentry2.o)
    0x00000494   0x00000494   0x00000004   Code   RO          388    .ARM.Collect$$rtentry$$00000007  c_p.l(__rtentry7.o)
    0x00000498   0x00000498   0x00000000   Code   RO          376    .ARM.Collect$$rtentry$$00000009  c_p.l(__rtentry2.o)
    0x00000498   0x00000498   0x00000004   Code   RO          377    .ARM.Collect$$rtentry$$0000000A  c_p.l(__rtentry2.o)
    0x0000049c   0x0000049c   0x00000000   Code   RO          379    .ARM.Collect$$rtentry$$0000000C  c_p.l(__rtentry2.o)
    0x0000049c   0x0000049c   0x00000008   Code   RO          380    .ARM.Collect$$rtentry$$0000000D  c_p.l(__rtentry2.o)
    0x000004a4   0x000004a4   0x00000004   Code   RO          389    .ARM.Collect$$rtentry$$00002718  c_p.l(__rtentry7.o)
    0x000004a8   0x000004a8   0x00000002   Code   RO          433    .ARM.Collect$$rtexit$$00000000  c_p.l(rtexit.o)
    0x000004aa   0x000004aa   0x00000000   Code   RO          498    .ARM.Collect$$rtexit$$00000002  c_p.l(rtexit2.o)
    0x000004aa   0x000004aa   0x00000004   Code   RO          499    .ARM.Collect$$rtexit$$00000003  c_p.l(rtexit2.o)
    0x000004ae   0x000004ae   0x00000006   Code   RO          500    .ARM.Collect$$rtexit$$00000004  c_p.l(rtexit2.o)
    0x000004b4   0x000004b4   0x00000038   Code   RO          295    .emb_text           c_p.l(rt_memcpy.o)
    0x000004ec   0x000004ec   0x0000009c   Code   RO          237  * .text               startup_mkl46z4.o
    0x00000588   0x00000588   0x00000082   Code   RO          296    .text               c_p.l(rt_memcpy.o)
    0x0000060a   0x0000060a   0x0000015a   Code   RO          299    .text               c_p.l(aeabi_sdiv.o)
    0x00000764   0x00000764   0x0000007c   Code   RO          305    .text               fz_ps.l(d2f.o)
    0x000007e0   0x000007e0   0x00000358   Code   RO          307    .text               fz_ps.l(daddsub.o)
    0x00000b38   0x00000b38   0x0000006c   Code   RO          309    .text               fz_ps.l(dfixi.o)
    0x00000ba4   0x00000ba4   0x00000058   Code   RO          311    .text               fz_ps.l(dflti.o)
    0x00000bfc   0x00000bfc   0x00000248   Code   RO          313    .text               fz_ps.l(dmul.o)
    0x00000e44   0x00000e44   0x00000054   Code   RO          315    .text               fz_ps.l(f2d.o)
    0x00000e98   0x00000e98   0x0000005e   Code   RO          317    .text               fz_ps.l(fflti.o)
    0x00000ef6   0x00000ef6   0x00000016   Code   RO          334    .text               c_p.l(_rserrno.o)
    0x00000f0c   0x00000f0c   0x00000448   Code   RO          336    .text               fz_ps.l(ddiv.o)
    0x00001354   0x00001354   0x000000f0   Code   RO          345    .text               fz_ps.l(drnd.o)
    0x00001444   0x00001444   0x00000008   Code   RO          398    .text               c_p.l(rt_errno_addr_intlibspace.o)
    0x0000144c   0x0000144c   0x00000090   Code   RO          400    .text               fz_ps.l(dcmpin.o)
    0x000014dc   0x000014dc   0x00000060   Code   RO          402    .text               fz_ps.l(dscalbn.o)
    0x0000153c   0x0000153c   0x00000010   Code   RO          414    .text               c_p.l(exit.o)
    0x0000154c   0x0000154c   0x0000002e   Code   RO          426    .text               fz_ps.l(cmpret.o)
    0x0000157a   0x0000157a   0x00000002   PAD
    0x0000157c   0x0000157c   0x00000014   Code   RO          428    .text               fz_ps.l(dnan2.o)
    0x00001590   0x00001590   0x0000005e   Code   RO          490    .text               fz_ps.l(retnan.o)
    0x000015ee   0x000015ee   0x00000002   PAD
    0x000015f0   0x000015f0   0x0000000c   Code   RO          492    .text               c_p.l(sys_exit.o)
    0x000015fc   0x000015fc   0x00000002   Code   RO          494    .text               c_p.l(use_no_semi.o)
    0x000015fe   0x000015fe   0x00000000   Code   RO          496    .text               c_p.l(indicate_semi.o)
    0x000015fe   0x000015fe   0x00000002   PAD
    0x00001600   0x00001600   0x00000018   Code   RO            5    i.Delay             delay.o
    0x00001618   0x00001618   0x00000068   Code   RO          103    i.I2C_init          i2c.o
    0x00001680   0x00001680   0x000000dc   Code   RO          104    i.I2C_read          i2c.o
    0x0000175c   0x0000175c   0x00000080   Code   RO          105    i.I2C_write         i2c.o
    0x000017dc   0x000017dc   0x00000034   Code   RO            6    i.Init_Systick      delay.o
    0x00001810   0x00001810   0x00000088   Code   RO            7    i.PORTC_PORTD_IRQHandler  delay.o
    0x00001898   0x00001898   0x00000064   Code   RO          197    i.SegLCD_DisplayDecimal  lcd.o
    0x000018fc   0x000018fc   0x00000040   Code   RO          198    i.SegLCD_DisplayError  lcd.o
    0x0000193c   0x0000193c   0x00000088   Code   RO          199    i.SegLCD_Init       lcd.o
    0x000019c4   0x000019c4   0x00000158   Code   RO          200    i.SegLCD_Set        lcd.o
    0x00001b1c   0x00001b1c   0x000000b4   Code   RO            9    i.SysTick_Handler   delay.o
    0x00001bd0   0x00001bd0   0x00000014   Code   RO          244    i.SystemInit        system_mkl46z4.o
    0x00001be4   0x00001be4   0x00000002   Code   RO          245    i.SystemInitHook    system_mkl46z4.o
    0x00001be6   0x00001be6   0x00000002   PAD
    0x00001be8   0x00001be8   0x0000002c   Code   RO          404    i.__ARM_fpclassify  m_ps.l(fpclassify.o)
    0x00001c14   0x00001c14   0x00000078   Code   RO           10    i.__NVIC_SetPriority  delay.o
    0x00001c8c   0x00001c8c   0x000000ac   Code   RO          406    i.__kernel_poly     m_ps.l(poly.o)
    0x00001d38   0x00001d38   0x0000000a   Code   RO          359    i.__mathlib_dbl_infnan  m_ps.l(dunder.o)
    0x00001d42   0x00001d42   0x00000008   Code   RO          360    i.__mathlib_dbl_infnan2  m_ps.l(dunder.o)
    0x00001d4a   0x00001d4a   0x00000002   PAD
    0x00001d4c   0x00001d4c   0x00000014   Code   RO          364    i.__mathlib_dbl_underflow  m_ps.l(dunder.o)
    0x00001d60   0x00001d60   0x0000021c   Code   RO          349    i.atan              m_ps.l(atan.o)
    0x00001f7c   0x00001f7c   0x0000019c   Code   RO          320    i.atan2             m_ps.l(atan2.o)
    0x00002118   0x00002118   0x0000004c   Code   RO           11    i.init_ITR_SW       delay.o
    0x00002164   0x00002164   0x00000064   Code   RO           12    i.init_LED          delay.o
    0x000021c8   0x000021c8   0x00000038   Code   RO           13    i.init_SW           delay.o
    0x00002200   0x00002200   0x00000012   Code   RO          141    i.mag_Init          mag.o
    0x00002212   0x00002212   0x00000094   Code   RO          142    i.mag_read          mag.o
    0x000022a6   0x000022a6   0x00000002   PAD
    0x000022a8   0x000022a8   0x000000e4   Code   RO          170    i.main              main.o
    0x0000238c   0x0000238c   0x0000009c   Code   RO          327    i.round             m_ps.l(round.o)
    0x00002428   0x00002428   0x00000064   Code   RO          339    x$fpl$deqf          fz_ps.l(deqf.o)
    0x0000248c   0x0000248c   0x00000064   Code   RO          341    x$fpl$dleqf         fz_ps.l(dlef.o)
    0x000024f0   0x000024f0   0x00000068   Code   RO          343    x$fpl$drleqf        fz_ps.l(drlef.o)
    0x00002558   0x00002558   0x00000000   Code   RO          347    x$fpl$usenofp       fz_ps.l(usenofp.o)
    0x00002558   0x00002558   0x0000000c   Data   RO          201    .constdata          lcd.o
    0x00002564   0x00002564   0x00000080   Data   RO          337    .constdata          fz_ps.l(ddiv.o)
    0x000025e4   0x000025e4   0x00000004   PAD
    0x000025e8   0x000025e8   0x00000098   Data   RO          350    .constdata          m_ps.l(atan.o)
    0x00002680   0x00002680   0x00000008   Data   RO          372    .constdata          m_ps.l(qnan.o)
    0x00002688   0x00002688   0x00000020   Data   RO          565    Region$$Table       anon$$obj.o


    Execution Region RW_m_data (Exec base: 0x1fffe000, Load base: 0x000026a8, Size: 0x0000007c, Max: 0x00007800, ABSOLUTE)

    Exec Addr    Load Addr    Size         Type   Attr      Idx    E Section Name        Object

    0x1fffe000   0x000026a8   0x00000018   Data   RW           14    .data               delay.o
    0x1fffe018   0x000026c0   0x00000004   Data   RW          246    .data               system_mkl46z4.o
    0x1fffe01c        -       0x00000060   Zero   RW          409    .bss                c_p.l(libspace.o)


    Execution Region ARM_LIB_HEAP (Exec base: 0x1fffe07c, Load base: 0x000026c4, Size: 0x00000400, Max: 0x00000400, ABSOLUTE)

    Exec Addr    Load Addr    Size         Type   Attr      Idx    E Section Name        Object

    0x1fffe07c        -       0x00000400   Zero   RW            1    ARM_LIB_HEAP.bss    anon$$obj.o


    Execution Region ARM_LIB_STACK (Exec base: 0x20005c00, Load base: 0x000026c4, Size: 0x00000400, Max: 0x00000400, ABSOLUTE)

    Exec Addr    Load Addr    Size         Type   Attr      Idx    E Section Name        Object

    0x20005c00        -       0x00000400   Zero   RW            2    ARM_LIB_STACK.bss   anon$$obj.o


==============================================================================

Image component sizes


      Code (inc. data)   RO Data    RW Data    ZI Data      Debug   Object Name

       744        104          0         24          0     292043   delay.o
       452         22          0          0          0       1510   i2c.o
       644         54         12          0          0       2833   lcd.o
       166          0          0          0          0       1938   mag.o
       228         18          0          0          0       1239   main.o
       156         70        208          0          0       1196   startup_mkl46z4.o
        22          6          0          4          0       1212   system_mkl46z4.o

    ----------------------------------------------------------------------
      2416        274        252         28       2048     301971   Object Totals
         0          0         32          0       2048          0   (incl. Generated)
         4          0          0          0          0          0   (incl. Padding)

    ----------------------------------------------------------------------

      Code (inc. data)   RO Data    RW Data    ZI Data      Debug   Library Member Name

         8          0          0          0          0         68   __main.o
         0          0          0          0          0          0   __rtentry.o
        12          0          0          0          0          0   __rtentry2.o
         8          4          0          0          0          0   __rtentry7.o
        60          8          0          0          0          0   __scatter.o
        26          0          0          0          0          0   __scatter_copy.o
        28          0          0          0          0          0   __scatter_zi.o
        22          0          0          0          0         92   _rserrno.o
       346          0          0          0          0         92   aeabi_sdiv.o
        16          0          0          0          0         68   exit.o
         0          0          0          0          0          0   indicate_semi.o
         2          0          0          0          0          0   libinit.o
         2          0          0          0          0          0   libinit2.o
         2          0          0          0          0          0   libshutdown.o
         2          0          0          0          0          0   libshutdown2.o
         0          0          0          0         96          0   libspace.o
         8          4          0          0          0         68   rt_errno_addr_intlibspace.o
       186          0          0          0          0        144   rt_memcpy.o
         2          0          0          0          0          0   rtexit.o
        10          0          0          0          0          0   rtexit2.o
        12          4          0          0          0         60   sys_exit.o
         2          0          0          0          0         68   use_no_semi.o
        46          0          0          0          0         60   cmpret.o
       124          4          0          0          0         72   d2f.o
       856         20          0          0          0        208   daddsub.o
       144          4          0          0          0         76   dcmpin.o
      1096         26        128          0          0        112   ddiv.o
       100          4          0          0          0         92   deqf.o
       108         10          0          0          0         72   dfixi.o
        88          0          0          0          0         92   dflti.o
       100          4          0          0          0         92   dlef.o
       584         26          0          0          0         84   dmul.o
        20          6          0          0          0         68   dnan2.o
       104          4          0          0          0        104   drlef.o
       240          8          0          0          0         76   drnd.o
        96         12          0          0          0         72   dscalbn.o
        84          4          0          0          0         60   f2d.o
        94          0          0          0          0         92   fflti.o
        94          0          0          0          0         68   retnan.o
         0          0          0          0          0          0   usenofp.o
       540         68        152          0          0        112   atan.o
       412         40          0          0          0        144   atan2.o
        38          6          0          0          0        204   dunder.o
        44          4          0          0          0         60   fpclassify.o
       172          0          0          0          0         76   poly.o
         0          0          8          0          0          0   qnan.o
       156         14          0          0          0         84   round.o

    ----------------------------------------------------------------------
      6104        284        292          0         96       2840   Library Totals
        10          0          4          0          0          0   (incl. Padding)

    ----------------------------------------------------------------------

      Code (inc. data)   RO Data    RW Data    ZI Data      Debug   Library Name

       754         20          0          0         96        660   c_p.l
      3978        132        128          0          0       1500   fz_ps.l
      1362        132        160          0          0        680   m_ps.l

    ----------------------------------------------------------------------
      6104        284        292          0         96       2840   Library Totals

    ----------------------------------------------------------------------

==============================================================================


      Code (inc. data)   RO Data    RW Data    ZI Data      Debug   

      8520        558        544         28       2144     302707   Grand Totals
      8520        558        544         28       2144     302707   ELF Image Totals
      8520        558        544         28          0          0   ROM Totals

==============================================================================

    Total RO  Size (Code + RO Data)                 9064 (   8.85kB)
    Total RW  Size (RW Data + ZI Data)              2172 (   2.12kB)
    Total ROM Size (Code + RO Data + RW Data)       9092 (   8.88kB)

==============================================================================

